Archive member included because of file (symbol)

c:/altera/12.0sp2/nios2eds/bin/gnu/h-i686-mingw32/bin/../lib/gcc/nios2-elf/4.1.2/../../../../nios2-elf/lib/mno-hw-mul\libc.a(lib_a-puts.o)
                              obj/default/Fruit.o (puts)
c:/altera/12.0sp2/nios2eds/bin/gnu/h-i686-mingw32/bin/../lib/gcc/nios2-elf/4.1.2/../../../../nios2-elf/lib/mno-hw-mul\libc.a(lib_a-strlen.o)
                              c:/altera/12.0sp2/nios2eds/bin/gnu/h-i686-mingw32/bin/../lib/gcc/nios2-elf/4.1.2/../../../../nios2-elf/lib/mno-hw-mul\libc.a(lib_a-puts.o) (strlen)
c:/altera/12.0sp2/nios2eds/bin/gnu/h-i686-mingw32/bin/../lib/gcc/nios2-elf/4.1.2/../../../../nios2-elf/lib/mno-hw-mul\libc.a(lib_a-fvwrite.o)
                              c:/altera/12.0sp2/nios2eds/bin/gnu/h-i686-mingw32/bin/../lib/gcc/nios2-elf/4.1.2/../../../../nios2-elf/lib/mno-hw-mul\libc.a(lib_a-puts.o) (__sfvwrite_r)
c:/altera/12.0sp2/nios2eds/bin/gnu/h-i686-mingw32/bin/../lib/gcc/nios2-elf/4.1.2/../../../../nios2-elf/lib/mno-hw-mul\libc.a(lib_a-impure.o)
                              c:/altera/12.0sp2/nios2eds/bin/gnu/h-i686-mingw32/bin/../lib/gcc/nios2-elf/4.1.2/../../../../nios2-elf/lib/mno-hw-mul\libc.a(lib_a-puts.o) (_impure_ptr)
c:/altera/12.0sp2/nios2eds/bin/gnu/h-i686-mingw32/bin/../lib/gcc/nios2-elf/4.1.2/../../../../nios2-elf/lib/mno-hw-mul\libc.a(lib_a-mallocr.o)
                              c:/altera/12.0sp2/nios2eds/bin/gnu/h-i686-mingw32/bin/../lib/gcc/nios2-elf/4.1.2/../../../../nios2-elf/lib/mno-hw-mul\libc.a(lib_a-fvwrite.o) (_malloc_r)
c:/altera/12.0sp2/nios2eds/bin/gnu/h-i686-mingw32/bin/../lib/gcc/nios2-elf/4.1.2/../../../../nios2-elf/lib/mno-hw-mul\libc.a(lib_a-memchr.o)
                              c:/altera/12.0sp2/nios2eds/bin/gnu/h-i686-mingw32/bin/../lib/gcc/nios2-elf/4.1.2/../../../../nios2-elf/lib/mno-hw-mul\libc.a(lib_a-fvwrite.o) (memchr)
c:/altera/12.0sp2/nios2eds/bin/gnu/h-i686-mingw32/bin/../lib/gcc/nios2-elf/4.1.2/../../../../nios2-elf/lib/mno-hw-mul\libc.a(lib_a-memcpy.o)
                              c:/altera/12.0sp2/nios2eds/bin/gnu/h-i686-mingw32/bin/../lib/gcc/nios2-elf/4.1.2/../../../../nios2-elf/lib/mno-hw-mul\libc.a(lib_a-fvwrite.o) (memcpy)
c:/altera/12.0sp2/nios2eds/bin/gnu/h-i686-mingw32/bin/../lib/gcc/nios2-elf/4.1.2/../../../../nios2-elf/lib/mno-hw-mul\libc.a(lib_a-memmove.o)
                              c:/altera/12.0sp2/nios2eds/bin/gnu/h-i686-mingw32/bin/../lib/gcc/nios2-elf/4.1.2/../../../../nios2-elf/lib/mno-hw-mul\libc.a(lib_a-fvwrite.o) (memmove)
c:/altera/12.0sp2/nios2eds/bin/gnu/h-i686-mingw32/bin/../lib/gcc/nios2-elf/4.1.2/../../../../nios2-elf/lib/mno-hw-mul\libc.a(lib_a-reallocr.o)
                              c:/altera/12.0sp2/nios2eds/bin/gnu/h-i686-mingw32/bin/../lib/gcc/nios2-elf/4.1.2/../../../../nios2-elf/lib/mno-hw-mul\libc.a(lib_a-fvwrite.o) (_realloc_r)
c:/altera/12.0sp2/nios2eds/bin/gnu/h-i686-mingw32/bin/../lib/gcc/nios2-elf/4.1.2/../../../../nios2-elf/lib/mno-hw-mul\libc.a(lib_a-sbrkr.o)
                              c:/altera/12.0sp2/nios2eds/bin/gnu/h-i686-mingw32/bin/../lib/gcc/nios2-elf/4.1.2/../../../../nios2-elf/lib/mno-hw-mul\libc.a(lib_a-mallocr.o) (_sbrk_r)
c:/altera/12.0sp2/nios2eds/bin/gnu/h-i686-mingw32/bin/../lib/gcc/nios2-elf/4.1.2/../../../../nios2-elf/lib/mno-hw-mul\libc.a(lib_a-wsetup.o)
                              c:/altera/12.0sp2/nios2eds/bin/gnu/h-i686-mingw32/bin/../lib/gcc/nios2-elf/4.1.2/../../../../nios2-elf/lib/mno-hw-mul\libc.a(lib_a-fvwrite.o) (__swsetup_r)
c:/altera/12.0sp2/nios2eds/bin/gnu/h-i686-mingw32/bin/../lib/gcc/nios2-elf/4.1.2/../../../../nios2-elf/lib/mno-hw-mul\libc.a(lib_a-fflush.o)
                              c:/altera/12.0sp2/nios2eds/bin/gnu/h-i686-mingw32/bin/../lib/gcc/nios2-elf/4.1.2/../../../../nios2-elf/lib/mno-hw-mul\libc.a(lib_a-fvwrite.o) (_fflush_r)
c:/altera/12.0sp2/nios2eds/bin/gnu/h-i686-mingw32/bin/../lib/gcc/nios2-elf/4.1.2/../../../../nios2-elf/lib/mno-hw-mul\libc.a(lib_a-findfp.o)
                              c:/altera/12.0sp2/nios2eds/bin/gnu/h-i686-mingw32/bin/../lib/gcc/nios2-elf/4.1.2/../../../../nios2-elf/lib/mno-hw-mul\libc.a(lib_a-wsetup.o) (__sinit)
c:/altera/12.0sp2/nios2eds/bin/gnu/h-i686-mingw32/bin/../lib/gcc/nios2-elf/4.1.2/../../../../nios2-elf/lib/mno-hw-mul\libc.a(lib_a-freer.o)
                              c:/altera/12.0sp2/nios2eds/bin/gnu/h-i686-mingw32/bin/../lib/gcc/nios2-elf/4.1.2/../../../../nios2-elf/lib/mno-hw-mul\libc.a(lib_a-fvwrite.o) (_free_r)
c:/altera/12.0sp2/nios2eds/bin/gnu/h-i686-mingw32/bin/../lib/gcc/nios2-elf/4.1.2/../../../../nios2-elf/lib/mno-hw-mul\libc.a(lib_a-fwalk.o)
                              c:/altera/12.0sp2/nios2eds/bin/gnu/h-i686-mingw32/bin/../lib/gcc/nios2-elf/4.1.2/../../../../nios2-elf/lib/mno-hw-mul\libc.a(lib_a-fflush.o) (_fwalk_reent)
c:/altera/12.0sp2/nios2eds/bin/gnu/h-i686-mingw32/bin/../lib/gcc/nios2-elf/4.1.2/../../../../nios2-elf/lib/mno-hw-mul\libc.a(lib_a-int_errno.o)
[...]
Memory Configuration

Name             Origin             Length             Attributes
onchip_memory2_0 0x00000000         0x00001000
reset            0x01000000         0x00000020
sdram            0x01000020         0x007fffe0
*default*        0x00000000         0xffffffff

Linker script and memory map

LOAD ../vga_bsp//obj/HAL/src/crt0.o
LOAD obj/default/Fruit.o
LOAD c:/altera/12.0sp2/nios2eds/bin/gnu/h-i686-mingw32/bin/../lib/gcc/nios2-elf/4.1.2/../../../../nios2-elf/lib/mno-hw-mul\libstdc++.a
LOAD c:/altera/12.0sp2/nios2eds/bin/gnu/h-i686-mingw32/bin/../lib/gcc/nios2-elf/4.1.2/../../../../nios2-elf/lib/mno-hw-mul\libm.a
LOAD c:/altera/12.0sp2/nios2eds/bin/gnu/h-i686-mingw32/bin/../lib/gcc/nios2-elf/4.1.2/mno-hw-mul\libgcc.a
START GROUP
LOAD c:/altera/12.0sp2/nios2eds/bin/gnu/h-i686-mingw32/bin/../lib/gcc/nios2-elf/4.1.2/../../../../nios2-elf/lib/mno-hw-mul\libc.a
LOAD c:/altera/12.0sp2/nios2eds/bin/gnu/h-i686-mingw32/bin/../lib/gcc/nios2-elf/4.1.2/mno-hw-mul\libgcc.a
LOAD ../vga_bsp/\libhal_bsp.a
END GROUP
LOAD c:/altera/12.0sp2/nios2eds/bin/gnu/h-i686-mingw32/bin/../lib/gcc/nios2-elf/4.1.2/mno-hw-mul\libgcc.a
                0x00000000                __alt_mem_onchip_memory2_0 = 0x0
                0x01000000                __alt_mem_sdram = 0x1000000

.entry          0x01000000       0x20
 *(.entry)
 .entry         0x01000000       0x20 ../vga_bsp//obj/HAL/src/crt0.o
                0x01000000                __reset

.exceptions     0x01000020      0x194
                0x01000020                PROVIDE (__ram_exceptions_start, ABSOLUTE (.))
                0x01000020                . = ALIGN (0x20)
 *(.irq)
 *(.exceptions.entry.label)
 .exceptions.entry.label
                0x01000020        0x0 ../vga_bsp/\libhal_bsp.a(alt_irq_entry.o)
                0x01000020                alt_irq_entry
 .exceptions.entry.label
                0x01000020        0x0 ../vga_bsp/\libhal_bsp.a(alt_exception_entry.o)
                0x01000020                alt_exception
 *(.exceptions.entry.user)
 *(.exceptions.entry)
 .exceptions.entry
                0x01000020       0x54 ../vga_bsp/\libhal_bsp.a(alt_exception_entry.o)
 *(.exceptions.irqtest.user)
 *(.exceptions.irqtest)
 .exceptions.irqtest
                0x01000074       0x10 ../vga_bsp/\libhal_bsp.a(alt_irq_entry.o)
 *(.exceptions.irqhandler.user)
 *(.exceptions.irqhandler)
 .exceptions.irqhandler
                0x01000084        0x4 ../vga_bsp/\libhal_bsp.a(alt_irq_entry.o)
 *(.exceptions.irqreturn.user)
 *(.exceptions.irqreturn)
 .exceptions.irqreturn
                0x01000088        0x4 ../vga_bsp/\libhal_bsp.a(alt_irq_entry.o)
 *(.exceptions.notirq.label)
 .exceptions.notirq.label
                0x0100008c        0x0 ../vga_bsp/\libhal_bsp.a(alt_irq_entry.o)
 *(.exceptions.notirq.user)
 *(.exceptions.notirq)
 .exceptions.notirq
                0x0100008c        0x8 ../vga_bsp/\libhal_bsp.a(alt_exception_entry.o)
 *(.exceptions.soft.user)
 *(.exceptions.soft)
 *(.exceptions.unknown.user)
 *(.exceptions.unknown)
 .exceptions.unknown
                0x01000094        0x4 ../vga_bsp/\libhal_bsp.a(alt_exception_entry.o)
 *(.exceptions.exit.label)
 .exceptions.exit.label
                0x01000098        0x0 ../vga_bsp/\libhal_bsp.a(alt_irq_entry.o)
 .exceptions.exit.label
                0x01000098        0x0 ../vga_bsp/\libhal_bsp.a(alt_exception_entry.o)
 *(.exceptions.exit.user)
 *(.exceptions.exit)
 .exceptions.exit
                0x01000098       0x54 ../vga_bsp/\libhal_bsp.a(alt_exception_entry.o)
 *(.exceptions)
 .exceptions    0x010000ec       0xc8 ../vga_bsp/\libhal_bsp.a(alt_irq_handler.o)
                0x010000ec                alt_irq_handler
                0x010001b4                PROVIDE (__ram_exceptions_end, ABSOLUTE (.))
                0x01000020                PROVIDE (__flash_exceptions_start, LOADADDR (.exceptions))

.text           0x010001b4     0x8500
                0x010001b4                PROVIDE (stext, ABSOLUTE (.))
 *(.interp)
 *(.hash)
 *(.dynsym)
 *(.dynstr)
 *(.gnu.version)
 *(.gnu.version_d)
 *(.gnu.version_r)
 *(.rel.init)
 *(.rela.init)
 *(.rel.text .rel.text.* .rel.gnu.linkonce.t.*)
 *(.rela.text .rela.text.* .rela.gnu.linkonce.t.*)
 *(.rel.fini)
 *(.rela.fini)
 *(.rel.rodata .rel.rodata.* .rel.gnu.linkonce.r.*)
 *(.rela.rodata .rela.rodata.* .rela.gnu.linkonce.r.*)
 *(.rel.data .rel.data.* .rel.gnu.linkonce.d.*)
 *(.rela.data .rela.data.* .rela.gnu.linkonce.d.*)
 *(.rel.tdata .rel.tdata.* .rel.gnu.linkonce.td.*)
 *(.rela.tdata .rela.tdata.* .rela.gnu.linkonce.td.*)
 *(.rel.tbss .rel.tbss.* .rel.gnu.linkonce.tb.*)
 *(.rela.tbss .rela.tbss.* .rela.gnu.linkonce.tb.*)
 *(.rel.ctors)
 *(.rela.ctors)
 *(.rel.dtors)
 *(.rela.dtors)
 *(.rel.got)
 *(.rela.got)
 *(.rel.sdata .rel.sdata.* .rel.gnu.linkonce.s.*)
 *(.rela.sdata .rela.sdata.* .rela.gnu.linkonce.s.*)
 *(.rel.sbss .rel.sbss.* .rel.gnu.linkonce.sb.*)
 *(.rela.sbss .rela.sbss.* .rela.gnu.linkonce.sb.*)
 *(.rel.sdata2 .rel.sdata2.* .rel.gnu.linkonce.s2.*)
 *(.rela.sdata2 .rela.sdata2.* .rela.gnu.linkonce.s2.*)
 *(.rel.sbss2 .rel.sbss2.* .rel.gnu.linkonce.sb2.*)
 *(.rela.sbss2 .rela.sbss2.* .rela.gnu.linkonce.sb2.*)
 *(.rel.bss .rel.bss.* .rel.gnu.linkonce.b.*)
 *(.rela.bss .rela.bss.* .rela.gnu.linkonce.b.*)
 *(.rel.plt)
 *(.rela.plt)
 *(.rel.dyn)
 *(.init)
 *(.plt)
 *(.text .stub .text.* .gnu.linkonce.t.*)
 .text          0x010001b4       0x3c ../vga_bsp//obj/HAL/src/crt0.o
                0x010001b4                _start
 .text          0x010001f0      0x778 obj/default/Fruit.o
                0x010001f0                main
 .text          0x01000968       0xb4 c:/altera/12.0sp2/nios2eds/bin/gnu/h-i686-mingw32/bin/../lib/gcc/nios2-elf/4.1.2/../../../../nios2-elf/lib/mno-hw-mul\libc.a(lib_a-puts.o)
                0x01000968                _puts_r
                0x01000a08                puts
 .text          0x01000a1c       0x74 c:/altera/12.0sp2/nios2eds/bin/gnu/h-i686-mingw32/bin/../lib/gcc/nios2-elf/4.1.2/../../../../nios2-elf/lib/mno-hw-mul\libc.a(lib_a-strlen.o)
                0x01000a1c                strlen
 .text          0x01000a90      0x49c c:/altera/12.0sp2/nios2eds/bin/gnu/h-i686-mingw32/bin/../lib/gcc/nios2-elf/4.1.2/../../../../nios2-elf/lib/mno-hw-mul\libc.a(lib_a-fvwrite.o)
                0x01000a90                __sfvwrite_r
 .text          0x01000f2c        0x0 c:/altera/12.0sp2/nios2eds/bin/gnu/h-i686-mingw32/bin/../lib/gcc/nios2-elf/4.1.2/../../../../nios2-elf/lib/mno-hw-mul\libc.a(lib_a-impure.o)
 .text          0x01000f2c      0x740 c:/altera/12.0sp2/nios2eds/bin/gnu/h-i686-mingw32/bin/../lib/gcc/nios2-elf/4.1.2/../../../../nios2-elf/lib/mno-hw-mul\libc.a(lib_a-mallocr.o)
                0x01000f2c                _malloc_r
 .text          0x0100166c       0xe4 c:/altera/12.0sp2/nios2eds/bin/gnu/h-i686-mingw32/bin/../lib/gcc/nios2-elf/4.1.2/../../../../nios2-elf/lib/mno-hw-mul\libc.a(lib_a-memchr.o)
                0x0100166c                memchr
 .text          0x01001750       0xa0 c:/altera/12.0sp2/nios2eds/bin/gnu/h-i686-mingw32/bin/../lib/gcc/nios2-elf/4.1.2/../../../../nios2-elf/lib/mno-hw-mul\libc.a(lib_a-memcpy.o)
                0x01001750                memcpy
 .text          0x010017f0       0xe0 c:/altera/12.0sp2/nios2eds/bin/gnu/h-i686-mingw32/bin/../lib/gcc/nios2-elf/4.1.2/../../../../nios2-elf/lib/mno-hw-mul\libc.a(lib_a-memmove.o)
                0x010017f0                memmove
 .text          0x010018d0      0x5f4 c:/altera/12.0sp2/nios2eds/bin/gnu/h-i686-mingw32/bin/../lib/gcc/nios2-elf/4.1.2/../../../../nios2-elf/lib/mno-hw-mul\libc.a(lib_a-reallocr.o)
                0x010018d0                _realloc_r
 .text          0x01001ec4       0x70 c:/altera/12.0sp2/nios2eds/bin/gnu/h-i686-mingw32/bin/../lib/gcc/nios2-elf/4.1.2/../../../../nios2-elf/lib/mno-hw-mul\libc.a(lib_a-sbrkr.o)
                0x01001ec4                _sbrk_r
 .text          0x01001f34      0x13c c:/altera/12.0sp2/nios2eds/bin/gnu/h-i686-mingw32/bin/../lib/gcc/nios2-elf/4.1.2/../../../../nios2-elf/lib/mno-hw-mul\libc.a(lib_a-wsetup.o)
                0x01001f34                __swsetup_r
 .text          0x01002070      0x230 c:/altera/12.0sp2/nios2eds/bin/gnu/h-i686-mingw32/bin/../lib/gcc/nios2-elf/4.1.2/../../../../nios2-elf/lib/mno-hw-mul\libc.a(lib_a-fflush.o)
                0x01002070                _fflush_r
                0x0100226c                fflush
 .text          0x010022a0      0x2f4 c:/altera/12.0sp2/nios2eds/bin/gnu/h-i686-mingw32/bin/../lib/gcc/nios2-elf/4.1.2/../../../../nios2-elf/lib/mno-hw-mul\libc.a(lib_a-findfp.o)
                0x010022f8                __sfp_lock_acquire
                0x010022fc                __sfp_lock_release
                0x01002300                __sinit_lock_acquire
                0x01002304                __sinit_lock_release
                0x01002308                __sinit
                0x010023bc                __fp_unlock_all
                0x010023d4                __fp_lock_all
                0x010023ec                _cleanup_r
                0x010023f8                _cleanup
                0x01002408                __sfmoreglue
                0x010024a4                __sfp
 .text          0x01002594      0x440 c:/altera/12.0sp2/nios2eds/bin/gnu/h-i686-mingw32/bin/../lib/gcc/nios2-elf/4.1.2/../../../../nios2-elf/lib/mno-hw-mul\libc.a(lib_a-freer.o)
                0x01002594                _malloc_trim_r
                0x010026c0                _free_r
 .text          0x010029d4      0x180 c:/altera/12.0sp2/nios2eds/bin/gnu/h-i686-mingw32/bin/../lib/gcc/nios2-elf/4.1.2/../../../../nios2-elf/lib/mno-hw-mul\libc.a(lib_a-fwalk.o)
                0x010029d4                _fwalk_reent
                0x01002a9c                _fwalk
 .text          0x01002b54        0x0 c:/altera/12.0sp2/nios2eds/bin/gnu/h-i686-mingw32/bin/../lib/gcc/nios2-elf/4.1.2/../../../../nios2-elf/lib/mno-hw-mul\libc.a(lib_a-int_errno.o)
 .text          0x01002b54      0x194 c:/altera/12.0sp2/nios2eds/bin/gnu/h-i686-mingw32/bin/../lib/gcc/nios2-elf/4.1.2/../../../../nios2-elf/lib/mno-hw-mul\libc.a(lib_a-makebuf.o)
                0x01002b54                __smakebuf_r
 .text          0x01002ce8       0x98 c:/altera/12.0sp2/nios2eds/bin/gnu/h-i686-mingw32/bin/../lib/gcc/nios2-elf/4.1.2/../../../../nios2-elf/lib/mno-hw-mul\libc.a(lib_a-memset.o)
                0x01002ce8                memset
 .text          0x01002d80      0x14c c:/altera/12.0sp2/nios2eds/bin/gnu/h-i686-mingw32/bin/../lib/gcc/nios2-elf/4.1.2/../../../../nios2-elf/lib/mno-hw-mul\libc.a(lib_a-stdio.o)
                0x01002d80                __sclose
                0x01002d88                __sseek
                0x01002df0                __swrite
                0x01002e6c                __sread
 .text          0x01002ecc       0x78 c:/altera/12.0sp2/nios2eds/bin/gnu/h-i686-mingw32/bin/../lib/gcc/nios2-elf/4.1.2/../../../../nios2-elf/lib/mno-hw-mul\libc.a(lib_a-writer.o)
                0x01002ecc                _write_r
 .text          0x01002f44       0x70 c:/altera/12.0sp2/nios2eds/bin/gnu/h-i686-mingw32/bin/../lib/gcc/nios2-elf/4.1.2/../../../../nios2-elf/lib/mno-hw-mul\libc.a(lib_a-closer.o)
                0x01002f44                _close_r
 .text          0x01002fb4      0x124 c:/altera/12.0sp2/nios2eds/bin/gnu/h-i686-mingw32/bin/../lib/gcc/nios2-elf/4.1.2/../../../../nios2-elf/lib/mno-hw-mul\libc.a(lib_a-fclose.o)
                0x01002fb4                _fclose_r
                0x010030c4                fclose
 .text          0x010030d8       0x74 c:/altera/12.0sp2/nios2eds/bin/gnu/h-i686-mingw32/bin/../lib/gcc/nios2-elf/4.1.2/../../../../nios2-elf/lib/mno-hw-mul\libc.a(lib_a-fstatr.o)
                0x010030d8                _fstat_r
 .text          0x0100314c       0x70 c:/altera/12.0sp2/nios2eds/bin/gnu/h-i686-mingw32/bin/../lib/gcc/nios2-elf/4.1.2/../../../../nios2-elf/lib/mno-hw-mul\libc.a(lib_a-isattyr.o)
                0x0100314c                _isatty_r
 .text          0x010031bc       0x78 c:/altera/12.0sp2/nios2eds/bin/gnu/h-i686-mingw32/bin/../lib/gcc/nios2-elf/4.1.2/../../../../nios2-elf/lib/mno-hw-mul\libc.a(lib_a-lseekr.o)
                0x010031bc                _lseek_r
 .text          0x01003234       0x78 c:/altera/12.0sp2/nios2eds/bin/gnu/h-i686-mingw32/bin/../lib/gcc/nios2-elf/4.1.2/../../../../nios2-elf/lib/mno-hw-mul\libc.a(lib_a-readr.o)
                0x01003234                _read_r
 .text          0x010032ac       0x38 c:/altera/12.0sp2/nios2eds/bin/gnu/h-i686-mingw32/bin/../lib/gcc/nios2-elf/4.1.2/mno-hw-mul\libgcc.a(lib2-mul.o)
                0x010032ac                __mulsi3
 .text          0x010032e4      0x160 ../vga_bsp/\libhal_bsp.a(alt_close.o)
                0x010032e4                close
 .text          0x01003444       0x2c ../vga_bsp/\libhal_bsp.a(alt_dev.o)
 .text          0x01003470        0x0 ../vga_bsp/\libhal_bsp.a(alt_errno.o)
 .text          0x01003470      0x138 ../vga_bsp/\libhal_bsp.a(alt_fstat.o)
                0x01003470                fstat
 .text          0x010035a8      0x124 ../vga_bsp/\libhal_bsp.a(alt_isatty.o)
                0x010035a8                isatty
 .text          0x010036cc       0xec ../vga_bsp/\libhal_bsp.a(alt_load.o)
                0x010036cc                alt_load
 .text          0x010037b8      0x154 ../vga_bsp/\libhal_bsp.a(alt_lseek.o)
                0x010037b8                lseek
 .text          0x0100390c       0x6c ../vga_bsp/\libhal_bsp.a(alt_main.o)
                0x0100390c                alt_main
 .text          0x01003978       0x40 ../vga_bsp/\libhal_bsp.a(alt_malloc_lock.o)
                0x01003978                __malloc_lock
                0x01003998                __malloc_unlock
 .text          0x010039b8      0x258 ../vga_bsp/\libhal_bsp.a(alt_printf.o)
                0x010039b8                alt_printf
 .text          0x01003c10       0x40 ../vga_bsp/\libhal_bsp.a(alt_putchar.o)
                0x01003c10                alt_putchar
 .text          0x01003c50      0x184 ../vga_bsp/\libhal_bsp.a(alt_read.o)
                0x01003c50                read
 .text          0x01003dd4       0x78 ../vga_bsp/\libhal_bsp.a(alt_release_fd.o)
                0x01003dd4                alt_release_fd
 .text          0x01003e4c       0xbc ../vga_bsp/\libhal_bsp.a(alt_sbrk.o)
                0x01003e4c                sbrk
 .text          0x01003f08       0x30 ../vga_bsp/\libhal_bsp.a(alt_usleep.o)
                0x01003f08                usleep
 .text          0x01003f38      0x184 ../vga_bsp/\libhal_bsp.a(alt_write.o)
                0x01003f38                write
 .text          0x010040bc      0x37c ../vga_bsp/\libhal_bsp.a(alt_sys_init.o)
                0x010040bc                alt_irq_init
                0x010040f0                alt_sys_init
 .text          0x01004438      0x148 ../vga_bsp/\libhal_bsp.a(altera_avalon_jtag_uart_fd.o)
                0x01004438                altera_avalon_jtag_uart_read_fd
                0x01004490                altera_avalon_jtag_uart_write_fd
                0x010044e8                altera_avalon_jtag_uart_close_fd
                0x01004530                altera_avalon_jtag_uart_ioctl_fd
 .text          0x01004580      0x40c ../vga_bsp/\libhal_bsp.a(altera_avalon_jtag_uart_init.o)
                0x01004580                altera_avalon_jtag_uart_init
                0x01004918                altera_avalon_jtag_uart_close
 .text          0x0100498c       0xf4 ../vga_bsp/\libhal_bsp.a(altera_avalon_jtag_uart_ioctl.o)
                0x0100498c                altera_avalon_jtag_uart_ioctl
 .text          0x01004a80      0x224 ../vga_bsp/\libhal_bsp.a(altera_avalon_jtag_uart_read.o)
                0x01004a80                altera_avalon_jtag_uart_read
 .text          0x01004ca4      0x240 ../vga_bsp/\libhal_bsp.a(altera_avalon_jtag_uart_write.o)
                0x01004ca4                altera_avalon_jtag_uart_write
 .text          0x01004ee4      0x530 ../vga_bsp/\libhal_bsp.a(altera_up_avalon_character_lcd.o)
                0x01004ee4                get_DDRAM_addr
                0x01004f60                alt_up_character_lcd_send_cmd
                0x01004f94                alt_up_character_lcd_init
                0x01004fc8                alt_up_character_lcd_open_dev
                0x01005008                alt_up_character_lcd_write
                0x01005080                alt_up_character_lcd_string
                0x010050f8                alt_up_character_lcd_write_fd
                0x01005144                alt_up_character_lcd_set_cursor_pos
                0x010051bc                alt_up_character_lcd_shift_cursor
                0x0100526c                alt_up_character_lcd_shift_display
                0x0100531c                alt_up_character_lcd_erase_pos
                0x010053ac                alt_up_character_lcd_cursor_off
                0x010053e0                alt_up_character_lcd_cursor_blink_on
 .text          0x01005414      0x304 ../vga_bsp/\libhal_bsp.a(altera_up_avalon_video_character_buffer_with_dma.o)
                0x01005414                alt_up_char_buffer_init
                0x01005498                alt_up_char_buffer_open_dev
                0x010054d8                alt_up_char_buffer_draw
                0x010055a8                alt_up_char_buffer_string
                0x010056bc                alt_up_char_buffer_clear
 .text          0x01005718     0x15a0 ../vga_bsp/\libhal_bsp.a(altera_up_avalon_video_pixel_buffer_dma.o)
                0x01005718                alt_up_pixel_buffer_dma_open_dev
                0x01005758                alt_up_pixel_buffer_dma_draw
                0x01005904                alt_up_pixel_buffer_dma_change_back_buffer_address
                0x0100595c                alt_up_pixel_buffer_dma_swap_buffers
                0x010059b4                alt_up_pixel_buffer_dma_check_swap_buffers_status
                0x010059e8                alt_up_pixel_buffer_dma_clear_screen
                0x01005b54                alt_up_pixel_buffer_dma_draw_box
                0x01006050                alt_up_pixel_buffer_dma_draw_hline
                0x010063a8                alt_up_pixel_buffer_dma_draw_vline
                0x01006780                alt_up_pixel_buffer_dma_draw_rectangle
                0x01006844                helper_plot_pixel
                0x0100691c                alt_up_pixel_buffer_dma_draw_line
 .text          0x01006cb8      0x154 ../vga_bsp/\libhal_bsp.a(alt_alarm_start.o)
                0x01006cb8                alt_alarm_start
 .text          0x01006e0c      0x15c ../vga_bsp/\libhal_bsp.a(alt_busy_sleep.o)
                0x01006e0c                alt_busy_sleep
 .text          0x01006f68       0x1c ../vga_bsp/\libhal_bsp.a(alt_dcache_flush_all.o)
                0x01006f68                alt_dcache_flush_all
 .text          0x01006f84      0x114 ../vga_bsp/\libhal_bsp.a(alt_dev_llist_insert.o)
                0x01006f84                alt_dev_llist_insert
 .text          0x01007098       0x64 ../vga_bsp/\libhal_bsp.a(alt_do_ctors.o)
                0x01007098                _do_ctors
 .text          0x010070fc       0x64 ../vga_bsp/\libhal_bsp.a(alt_do_dtors.o)
                0x010070fc                _do_dtors
 .text          0x01007160       0x94 ../vga_bsp/\libhal_bsp.a(alt_find_dev.o)
                0x01007160                alt_find_dev
 .text          0x010071f4       0x30 ../vga_bsp/\libhal_bsp.a(alt_icache_flush_all.o)
                0x010071f4                alt_icache_flush_all
 .text          0x01007224      0x1d4 ../vga_bsp/\libhal_bsp.a(alt_iic.o)
                0x01007224                alt_ic_isr_register
                0x01007274                alt_ic_irq_enable
                0x01007310                alt_ic_irq_disable
                0x010073b0                alt_ic_irq_enabled
 .text          0x010073f8       0xf8 ../vga_bsp/\libhal_bsp.a(alt_iic_isr_register.o)
                0x010073f8                alt_iic_isr_register
 .text          0x010074f0      0x150 ../vga_bsp/\libhal_bsp.a(alt_io_redirect.o)
                0x010075c8                alt_io_redirect
 .text          0x01007640        0x0 ../vga_bsp/\libhal_bsp.a(alt_irq_entry.o)
 .text          0x01007640        0x0 ../vga_bsp/\libhal_bsp.a(alt_irq_handler.o)
 .text          0x01007640        0x0 ../vga_bsp/\libhal_bsp.a(alt_irq_vars.o)
 .text          0x01007640      0x2e4 ../vga_bsp/\libhal_bsp.a(alt_open.o)
                0x01007738                open
 .text          0x01007924      0x1a4 ../vga_bsp/\libhal_bsp.a(alt_tick.o)
                0x01007924                alt_alarm_stop
                0x010079bc                alt_tick
 .text          0x01007ac8       0x20 ../vga_bsp/\libhal_bsp.a(altera_nios2_qsys_irq.o)
                0x01007ac8                altera_nios2_qsys_irq_init
 .text          0x01007ae8        0x0 ../vga_bsp/\libhal_bsp.a(alt_exception_entry.o)
 .text          0x01007ae8      0x120 ../vga_bsp/\libhal_bsp.a(alt_find_file.o)
                0x01007ae8                alt_find_file
 .text          0x01007c08       0xd0 ../vga_bsp/\libhal_bsp.a(alt_get_fd.o)
                0x01007c08                alt_get_fd
 .text          0x01007cd8       0x90 ../vga_bsp/\libhal_bsp.a(alt_icache_flush.o)
                0x01007cd8                alt_icache_flush
 .text          0x01007d68       0x14 c:/altera/12.0sp2/nios2eds/bin/gnu/h-i686-mingw32/bin/../lib/gcc/nios2-elf/4.1.2/../../../../nios2-elf/lib/mno-hw-mul\libc.a(lib_a-atexit.o)
                0x01007d68                atexit
 .text          0x01007d7c       0x38 c:/altera/12.0sp2/nios2eds/bin/gnu/h-i686-mingw32/bin/../lib/gcc/nios2-elf/4.1.2/../../../../nios2-elf/lib/mno-hw-mul\libc.a(lib_a-exit.o)
                0x01007d7c                exit
 .text          0x01007db4       0x74 c:/altera/12.0sp2/nios2eds/bin/gnu/h-i686-mingw32/bin/../lib/gcc/nios2-elf/4.1.2/../../../../nios2-elf/lib/mno-hw-mul\libc.a(lib_a-memcmp.o)
                0x01007db4                memcmp
 .text          0x01007e28      0x1ec c:/altera/12.0sp2/nios2eds/bin/gnu/h-i686-mingw32/bin/../lib/gcc/nios2-elf/4.1.2/../../../../nios2-elf/lib/mno-hw-mul\libc.a(lib_a-putc.o)
                0x01007e28                putc
                0x01007f2c                _putc_r
 .text          0x01008014       0xbc c:/altera/12.0sp2/nios2eds/bin/gnu/h-i686-mingw32/bin/../lib/gcc/nios2-elf/4.1.2/../../../../nios2-elf/lib/mno-hw-mul\libc.a(lib_a-strcmp.o)
                0x01008014                strcmp
 .text          0x010080d0      0x14c c:/altera/12.0sp2/nios2eds/bin/gnu/h-i686-mingw32/bin/../lib/gcc/nios2-elf/4.1.2/../../../../nios2-elf/lib/mno-hw-mul\libc.a(lib_a-wbuf.o)
                0x010080d0                __swbuf_r
                0x01008200                __swbuf
 .text          0x0100821c      0x134 c:/altera/12.0sp2/nios2eds/bin/gnu/h-i686-mingw32/bin/../lib/gcc/nios2-elf/4.1.2/../../../../nios2-elf/lib/mno-hw-mul\libc.a(lib_a-__atexit.o)
                0x0100821c                __register_exitproc
 .text          0x01008350      0x1b4 c:/altera/12.0sp2/nios2eds/bin/gnu/h-i686-mingw32/bin/../lib/gcc/nios2-elf/4.1.2/../../../../nios2-elf/lib/mno-hw-mul\libc.a(lib_a-__call_atexit.o)
                0x01008354                __call_exitprocs
 .text          0x01008504      0x14c c:/altera/12.0sp2/nios2eds/bin/gnu/h-i686-mingw32/bin/../lib/gcc/nios2-elf/4.1.2/mno-hw-mul\libgcc.a(lib2-divmod.o)
                0x01008580                __divsi3
                0x010085e0                __modsi3
                0x01008640                __udivsi3
                0x01008648                __umodsi3
 .text          0x01008650       0x60 ../vga_bsp/\libhal_bsp.a(alt_exit.o)
                0x01008690                _exit
 *(.gnu.warning.*)
 *(.fini)
                0x010086b0                PROVIDE (__etext, ABSOLUTE (.))
                0x010086b0                PROVIDE (_etext, ABSOLUTE (.))
                0x010086b0                PROVIDE (etext, ABSOLUTE (.))
 *(.eh_frame_hdr)
                0x010086b0                . = ALIGN (0x4)
                0x010086b0                PROVIDE (__preinit_array_start, ABSOLUTE (.))
 *(.preinit_array)
                0x010086b0                PROVIDE (__preinit_array_end, ABSOLUTE (.))
                0x010086b0                PROVIDE (__init_array_start, ABSOLUTE (.))
 *(.init_array)
                0x010086b0                PROVIDE (__init_array_end, ABSOLUTE (.))
                0x010086b0                PROVIDE (__fini_array_start, ABSOLUTE (.))
 *(.fini_array)
                0x010086b0                PROVIDE (__fini_array_end, ABSOLUTE (.))
 *(.eh_frame)
 *(.gcc_except_table)
 *(.dynamic)
                0x010086b0                PROVIDE (__CTOR_LIST__, ABSOLUTE (.))
 *(.ctors)
 *(SORT(.ctors.*))
 .ctors.65535   0x010086b0        0x4 c:/altera/12.0sp2/nios2eds/bin/gnu/h-i686-mingw32/bin/../lib/gcc/nios2-elf/4.1.2/../../../../nios2-elf/lib/mno-hw-mul\libc.a(lib_a-__call_atexit.o)
                0x010086b4                PROVIDE (__CTOR_END__, ABSOLUTE (.))
                0x010086b4                PROVIDE (__DTOR_LIST__, ABSOLUTE (.))
 *(.dtors)
 *(SORT(.dtors.*))
                0x010086b4                PROVIDE (__DTOR_END__, ABSOLUTE (.))
 *(.jcr)
                0x010086b4                . = ALIGN (0x4)

.rodata         0x010086b4      0x254
                0x010086b4                PROVIDE (__ram_rodata_start, ABSOLUTE (.))
                0x010086b4                . = ALIGN (0x4)
 *(.rodata .rodata.* .gnu.linkonce.r.*)
 .rodata        0x010086b4      0x184 obj/default/Fruit.o
 .rodata.str1.4
                0x01008838        0x2 c:/altera/12.0sp2/nios2eds/bin/gnu/h-i686-mingw32/bin/../lib/gcc/nios2-elf/4.1.2/../../../../nios2-elf/lib/mno-hw-mul\libc.a(lib_a-puts.o)
                                  0x4 (size before relaxing)
 *fill*         0x0100883a        0x2 00
 .rodata.str1.4
                0x0100883c        0x4 c:/altera/12.0sp2/nios2eds/bin/gnu/h-i686-mingw32/bin/../lib/gcc/nios2-elf/4.1.2/../../../../nios2-elf/lib/mno-hw-mul\libc.a(lib_a-impure.o)
 .rodata        0x01008840        0xc ../vga_bsp/\libhal_bsp.a(alt_dev.o)
 .rodata        0x0100884c       0x14 ../vga_bsp/\libhal_bsp.a(alt_main.o)
 .rodata        0x01008860       0x8c ../vga_bsp/\libhal_bsp.a(alt_sys_init.o)
 .rodata        0x010088ec       0x1c ../vga_bsp/\libhal_bsp.a(altera_up_avalon_video_character_buffer_with_dma.o)
 *(.rodata1)
                0x01008908                . = ALIGN (0x4)
                0x01008908                PROVIDE (__ram_rodata_end, ABSOLUTE (.))
                0x010086b4                PROVIDE (__flash_rodata_start, LOADADDR (.rodata))

.rwdata         0x01008908     0x1b10 load address 0x0100a418
                0x01008908                PROVIDE (__ram_rwdata_start, ABSOLUTE (.))
                0x01008908                . = ALIGN (0x4)
 *(.got.plt)
 *(.got)
 *(.data1)
 *(.data .data.* .gnu.linkonce.d.*)
 .data          0x01008908        0x0 ../vga_bsp//obj/HAL/src/crt0.o
 .data          0x01008908        0x0 obj/default/Fruit.o
 .data          0x01008908        0x0 c:/altera/12.0sp2/nios2eds/bin/gnu/h-i686-mingw32/bin/../lib/gcc/nios2-elf/4.1.2/../../../../nios2-elf/lib/mno-hw-mul\libc.a(lib_a-puts.o)
 .data          0x01008908        0x0 c:/altera/12.0sp2/nios2eds/bin/gnu/h-i686-mingw32/bin/../lib/gcc/nios2-elf/4.1.2/../../../../nios2-elf/lib/mno-hw-mul\libc.a(lib_a-strlen.o)
 .data          0x01008908        0x0 c:/altera/12.0sp2/nios2eds/bin/gnu/h-i686-mingw32/bin/../lib/gcc/nios2-elf/4.1.2/../../../../nios2-elf/lib/mno-hw-mul\libc.a(lib_a-fvwrite.o)
 .data          0x01008908      0x400 c:/altera/12.0sp2/nios2eds/bin/gnu/h-i686-mingw32/bin/../lib/gcc/nios2-elf/4.1.2/../../../../nios2-elf/lib/mno-hw-mul\libc.a(lib_a-impure.o)
 .data          0x01008d08      0x408 c:/altera/12.0sp2/nios2eds/bin/gnu/h-i686-mingw32/bin/../lib/gcc/nios2-elf/4.1.2/../../../../nios2-elf/lib/mno-hw-mul\libc.a(lib_a-mallocr.o)
                0x01008d08                __malloc_av_
 .data          0x01009110        0x0 c:/altera/12.0sp2/nios2eds/bin/gnu/h-i686-mingw32/bin/../lib/gcc/nios2-elf/4.1.2/../../../../nios2-elf/lib/mno-hw-mul\libc.a(lib_a-memchr.o)
 .data          0x01009110        0x0 c:/altera/12.0sp2/nios2eds/bin/gnu/h-i686-mingw32/bin/../lib/gcc/nios2-elf/4.1.2/../../../../nios2-elf/lib/mno-hw-mul\libc.a(lib_a-memcpy.o)
 .data          0x01009110        0x0 c:/altera/12.0sp2/nios2eds/bin/gnu/h-i686-mingw32/bin/../lib/gcc/nios2-elf/4.1.2/../../../../nios2-elf/lib/mno-hw-mul\libc.a(lib_a-memmove.o)
 .data          0x01009110        0x0 c:/altera/12.0sp2/nios2eds/bin/gnu/h-i686-mingw32/bin/../lib/gcc/nios2-elf/4.1.2/../../../../nios2-elf/lib/mno-hw-mul\libc.a(lib_a-reallocr.o)
 .data          0x01009110        0x0 c:/altera/12.0sp2/nios2eds/bin/gnu/h-i686-mingw32/bin/../lib/gcc/nios2-elf/4.1.2/../../../../nios2-elf/lib/mno-hw-mul\libc.a(lib_a-sbrkr.o)
 .data          0x01009110        0x0 c:/altera/12.0sp2/nios2eds/bin/gnu/h-i686-mingw32/bin/../lib/gcc/nios2-elf/4.1.2/../../../../nios2-elf/lib/mno-hw-mul\libc.a(lib_a-wsetup.o)
 .data          0x01009110        0x0 c:/altera/12.0sp2/nios2eds/bin/gnu/h-i686-mingw32/bin/../lib/gcc/nios2-elf/4.1.2/../../../../nios2-elf/lib/mno-hw-mul\libc.a(lib_a-fflush.o)
 .data          0x01009110        0x0 c:/altera/12.0sp2/nios2eds/bin/gnu/h-i686-mingw32/bin/../lib/gcc/nios2-elf/4.1.2/../../../../nios2-elf/lib/mno-hw-mul\libc.a(lib_a-findfp.o)
 .data          0x01009110        0x0 c:/altera/12.0sp2/nios2eds/bin/gnu/h-i686-mingw32/bin/../lib/gcc/nios2-elf/4.1.2/../../../../nios2-elf/lib/mno-hw-mul\libc.a(lib_a-freer.o)
 .data          0x01009110        0x0 c:/altera/12.0sp2/nios2eds/bin/gnu/h-i686-mingw32/bin/../lib/gcc/nios2-elf/4.1.2/../../../../nios2-elf/lib/mno-hw-mul\libc.a(lib_a-fwalk.o)
 .data          0x01009110        0x0 c:/altera/12.0sp2/nios2eds/bin/gnu/h-i686-mingw32/bin/../lib/gcc/nios2-elf/4.1.2/../../../../nios2-elf/lib/mno-hw-mul\libc.a(lib_a-int_errno.o)
 .data          0x01009110        0x0 c:/altera/12.0sp2/nios2eds/bin/gnu/h-i686-mingw32/bin/../lib/gcc/nios2-elf/4.1.2/../../../../nios2-elf/lib/mno-hw-mul\libc.a(lib_a-makebuf.o)
 .data          0x01009110        0x0 c:/altera/12.0sp2/nios2eds/bin/gnu/h-i686-mingw32/bin/../lib/gcc/nios2-elf/4.1.2/../../../../nios2-elf/lib/mno-hw-mul\libc.a(lib_a-memset.o)
 .data          0x01009110        0x0 c:/altera/12.0sp2/nios2eds/bin/gnu/h-i686-mingw32/bin/../lib/gcc/nios2-elf/4.1.2/../../../../nios2-elf/lib/mno-hw-mul\libc.a(lib_a-stdio.o)
 .data          0x01009110        0x0 c:/altera/12.0sp2/nios2eds/bin/gnu/h-i686-mingw32/bin/../lib/gcc/nios2-elf/4.1.2/../../../../nios2-elf/lib/mno-hw-mul\libc.a(lib_a-writer.o)
 .data          0x01009110        0x0 c:/altera/12.0sp2/nios2eds/bin/gnu/h-i686-mingw32/bin/../lib/gcc/nios2-elf/4.1.2/../../../../nios2-elf/lib/mno-hw-mul\libc.a(lib_a-closer.o)
 .data          0x01009110        0x0 c:/altera/12.0sp2/nios2eds/bin/gnu/h-i686-mingw32/bin/../lib/gcc/nios2-elf/4.1.2/../../../../nios2-elf/lib/mno-hw-mul\libc.a(lib_a-fclose.o)
 .data          0x01009110        0x0 c:/altera/12.0sp2/nios2eds/bin/gnu/h-i686-mingw32/bin/../lib/gcc/nios2-elf/4.1.2/../../../../nios2-elf/lib/mno-hw-mul\libc.a(lib_a-fstatr.o)
 .data          0x01009110        0x0 c:/altera/12.0sp2/nios2eds/bin/gnu/h-i686-mingw32/bin/../lib/gcc/nios2-elf/4.1.2/../../../../nios2-elf/lib/mno-hw-mul\libc.a(lib_a-isattyr.o)
 .data          0x01009110        0x0 c:/altera/12.0sp2/nios2eds/bin/gnu/h-i686-mingw32/bin/../lib/gcc/nios2-elf/4.1.2/../../../../nios2-elf/lib/mno-hw-mul\libc.a(lib_a-lseekr.o)
 .data          0x01009110        0x0 c:/altera/12.0sp2/nios2eds/bin/gnu/h-i686-mingw32/bin/../lib/gcc/nios2-elf/4.1.2/../../../../nios2-elf/lib/mno-hw-mul\libc.a(lib_a-readr.o)
 .data          0x01009110        0x0 c:/altera/12.0sp2/nios2eds/bin/gnu/h-i686-mingw32/bin/../lib/gcc/nios2-elf/4.1.2/mno-hw-mul\libgcc.a(lib2-mul.o)
 .data          0x01009110        0x0 ../vga_bsp/\libhal_bsp.a(alt_close.o)
 .data          0x01009110      0x1a8 ../vga_bsp/\libhal_bsp.a(alt_dev.o)
                0x01009110                alt_dev_null
                0x01009138                alt_fd_list
 .data          0x010092b8        0x0 ../vga_bsp/\libhal_bsp.a(alt_errno.o)
 .data          0x010092b8        0x0 ../vga_bsp/\libhal_bsp.a(alt_fstat.o)
 .data          0x010092b8        0x0 ../vga_bsp/\libhal_bsp.a(alt_isatty.o)
 .data          0x010092b8        0x0 ../vga_bsp/\libhal_bsp.a(alt_load.o)
 .data          0x010092b8        0x0 ../vga_bsp/\libhal_bsp.a(alt_lseek.o)
 .data          0x010092b8        0x0 ../vga_bsp/\libhal_bsp.a(alt_main.o)
 .data          0x010092b8        0x0 ../vga_bsp/\libhal_bsp.a(alt_malloc_lock.o)
 .data          0x010092b8        0x0 ../vga_bsp/\libhal_bsp.a(alt_printf.o)
 .data          0x010092b8        0x0 ../vga_bsp/\libhal_bsp.a(alt_putchar.o)
 .data          0x010092b8        0x0 ../vga_bsp/\libhal_bsp.a(alt_read.o)
 .data          0x010092b8        0x0 ../vga_bsp/\libhal_bsp.a(alt_release_fd.o)
 .data          0x010092b8        0x0 ../vga_bsp/\libhal_bsp.a(alt_sbrk.o)
 .data          0x010092b8        0x0 ../vga_bsp/\libhal_bsp.a(alt_usleep.o)
 .data          0x010092b8        0x0 ../vga_bsp/\libhal_bsp.a(alt_write.o)
 .data          0x010092b8     0x1128 ../vga_bsp/\libhal_bsp.a(alt_sys_init.o)
 .data          0x0100a3e0        0x0 ../vga_bsp/\libhal_bsp.a(altera_avalon_jtag_uart_fd.o)
 .data          0x0100a3e0        0x0 ../vga_bsp/\libhal_bsp.a(altera_avalon_jtag_uart_init.o)
 .data          0x0100a3e0        0x0 ../vga_bsp/\libhal_bsp.a(altera_avalon_jtag_uart_ioctl.o)
 .data          0x0100a3e0        0x0 ../vga_bsp/\libhal_bsp.a(altera_avalon_jtag_uart_read.o)
 .data          0x0100a3e0        0x0 ../vga_bsp/\libhal_bsp.a(altera_avalon_jtag_uart_write.o)
 .data          0x0100a3e0        0x0 ../vga_bsp/\libhal_bsp.a(altera_up_avalon_character_lcd.o)
 .data          0x0100a3e0        0x0 ../vga_bsp/\libhal_bsp.a(altera_up_avalon_video_character_buffer_with_dma.o)
 .data          0x0100a3e0        0x0 ../vga_bsp/\libhal_bsp.a(altera_up_avalon_video_pixel_buffer_dma.o)
 .data          0x0100a3e0        0x0 ../vga_bsp/\libhal_bsp.a(alt_alarm_start.o)
 .data          0x0100a3e0        0x0 ../vga_bsp/\libhal_bsp.a(alt_busy_sleep.o)
 .data          0x0100a3e0        0x0 ../vga_bsp/\libhal_bsp.a(alt_dcache_flush_all.o)
 .data          0x0100a3e0        0x0 ../vga_bsp/\libhal_bsp.a(alt_dev_llist_insert.o)
 .data          0x0100a3e0        0x0 ../vga_bsp/\libhal_bsp.a(alt_do_ctors.o)
 .data          0x0100a3e0        0x0 ../vga_bsp/\libhal_bsp.a(alt_do_dtors.o)
 .data          0x0100a3e0        0x0 ../vga_bsp/\libhal_bsp.a(alt_find_dev.o)
 .data          0x0100a3e0        0x0 ../vga_bsp/\libhal_bsp.a(alt_icache_flush_all.o)
 .data          0x0100a3e0        0x0 ../vga_bsp/\libhal_bsp.a(alt_iic.o)
 .data          0x0100a3e0        0x0 ../vga_bsp/\libhal_bsp.a(alt_iic_isr_register.o)
 .data          0x0100a3e0        0x0 ../vga_bsp/\libhal_bsp.a(alt_io_redirect.o)
 .data          0x0100a3e0        0x0 ../vga_bsp/\libhal_bsp.a(alt_irq_entry.o)
 .data          0x0100a3e0        0x0 ../vga_bsp/\libhal_bsp.a(alt_irq_handler.o)
 .data          0x0100a3e0        0x0 ../vga_bsp/\libhal_bsp.a(alt_irq_vars.o)
 .data          0x0100a3e0        0x0 ../vga_bsp/\libhal_bsp.a(alt_open.o)
 .data          0x0100a3e0        0x0 ../vga_bsp/\libhal_bsp.a(alt_tick.o)
 .data          0x0100a3e0        0x0 ../vga_bsp/\libhal_bsp.a(altera_nios2_qsys_irq.o)
 .data          0x0100a3e0        0x0 ../vga_bsp/\libhal_bsp.a(alt_exception_entry.o)
 .data          0x0100a3e0        0x0 ../vga_bsp/\libhal_bsp.a(alt_find_file.o)
 .data          0x0100a3e0        0x0 ../vga_bsp/\libhal_bsp.a(alt_get_fd.o)
 .data          0x0100a3e0        0x0 ../vga_bsp/\libhal_bsp.a(alt_icache_flush.o)
 .data          0x0100a3e0        0x0 c:/altera/12.0sp2/nios2eds/bin/gnu/h-i686-mingw32/bin/../lib/gcc/nios2-elf/4.1.2/../../../../nios2-elf/lib/mno-hw-mul\libc.a(lib_a-atexit.o)
 .data          0x0100a3e0        0x0 c:/altera/12.0sp2/nios2eds/bin/gnu/h-i686-mingw32/bin/../lib/gcc/nios2-elf/4.1.2/../../../../nios2-elf/lib/mno-hw-mul\libc.a(lib_a-exit.o)
 .data          0x0100a3e0        0x0 c:/altera/12.0sp2/nios2eds/bin/gnu/h-i686-mingw32/bin/../lib/gcc/nios2-elf/4.1.2/../../../../nios2-elf/lib/mno-hw-mul\libc.a(lib_a-memcmp.o)
 .data          0x0100a3e0        0x0 c:/altera/12.0sp2/nios2eds/bin/gnu/h-i686-mingw32/bin/../lib/gcc/nios2-elf/4.1.2/../../../../nios2-elf/lib/mno-hw-mul\libc.a(lib_a-putc.o)
 .data          0x0100a3e0        0x0 c:/altera/12.0sp2/nios2eds/bin/gnu/h-i686-mingw32/bin/../lib/gcc/nios2-elf/4.1.2/../../../../nios2-elf/lib/mno-hw-mul\libc.a(lib_a-strcmp.o)
 .data          0x0100a3e0        0x0 c:/altera/12.0sp2/nios2eds/bin/gnu/h-i686-mingw32/bin/../lib/gcc/nios2-elf/4.1.2/../../../../nios2-elf/lib/mno-hw-mul\libc.a(lib_a-wbuf.o)
 .data          0x0100a3e0        0x0 c:/altera/12.0sp2/nios2eds/bin/gnu/h-i686-mingw32/bin/../lib/gcc/nios2-elf/4.1.2/../../../../nios2-elf/lib/mno-hw-mul\libc.a(lib_a-__atexit.o)
 .data          0x0100a3e0        0x0 c:/altera/12.0sp2/nios2eds/bin/gnu/h-i686-mingw32/bin/../lib/gcc/nios2-elf/4.1.2/../../../../nios2-elf/lib/mno-hw-mul\libc.a(lib_a-__call_atexit.o)
 .data          0x0100a3e0        0x0 c:/altera/12.0sp2/nios2eds/bin/gnu/h-i686-mingw32/bin/../lib/gcc/nios2-elf/4.1.2/mno-hw-mul\libgcc.a(lib2-divmod.o)
 .data          0x0100a3e0        0x0 ../vga_bsp/\libhal_bsp.a(alt_exit.o)
                0x010123e0                _gp = ABSOLUTE ((. + 0x8000))
                0x010123e0                PROVIDE (gp, _gp)
 *(.rwdata .rwdata.*)
 *(.sdata .sdata.* .gnu.linkonce.s.*)
 .sdata         0x0100a3e0        0x8 c:/altera/12.0sp2/nios2eds/bin/gnu/h-i686-mingw32/bin/../lib/gcc/nios2-elf/4.1.2/../../../../nios2-elf/lib/mno-hw-mul\libc.a(lib_a-impure.o)
                0x0100a3e0                _impure_ptr
                0x0100a3e4                _global_impure_ptr
 .sdata         0x0100a3e8        0x8 c:/altera/12.0sp2/nios2eds/bin/gnu/h-i686-mingw32/bin/../lib/gcc/nios2-elf/4.1.2/../../../../nios2-elf/lib/mno-hw-mul\libc.a(lib_a-mallocr.o)
                0x0100a3e8                __malloc_trim_threshold
                0x0100a3ec                __malloc_sbrk_base
 .sdata         0x0100a3f0       0x14 ../vga_bsp/\libhal_bsp.a(alt_dev.o)
                0x0100a3f0                alt_fs_list
                0x0100a3f8                alt_dev_list
                0x0100a400                alt_max_fd
 .sdata         0x0100a404        0x4 ../vga_bsp/\libhal_bsp.a(alt_errno.o)
                0x0100a404                alt_errno
 .sdata         0x0100a408        0x4 ../vga_bsp/\libhal_bsp.a(alt_sbrk.o)
 .sdata         0x0100a40c        0x4 ../vga_bsp/\libhal_bsp.a(alt_irq_vars.o)
                0x0100a40c                alt_priority_mask
 .sdata         0x0100a410        0x8 ../vga_bsp/\libhal_bsp.a(alt_tick.o)
                0x0100a410                alt_alarm_list
 *(.sdata2 .sdata2.* .gnu.linkonce.s2.*)
                0x0100a418                . = ALIGN (0x4)
                0x0100a418                _edata = ABSOLUTE (.)
                0x0100a418                PROVIDE (edata, ABSOLUTE (.))
                0x0100a418                PROVIDE (__ram_rwdata_end, ABSOLUTE (.))
                0x0100a418                PROVIDE (__flash_rwdata_start, LOADADDR (.rwdata))

.bss            0x0100bf28      0x2e0
                0x0100bf28                __bss_start = ABSOLUTE (.)
                0x0100bf28                PROVIDE (__sbss_start, ABSOLUTE (.))
                0x0100bf28                PROVIDE (___sbss_start, ABSOLUTE (.))
 *(.dynsbss)
 *(.sbss .sbss.* .gnu.linkonce.sb.*)
 .sbss          0x0100bf28        0xc c:/altera/12.0sp2/nios2eds/bin/gnu/h-i686-mingw32/bin/../lib/gcc/nios2-elf/4.1.2/../../../../nios2-elf/lib/mno-hw-mul\libc.a(lib_a-mallocr.o)
                0x0100bf28                __malloc_top_pad
                0x0100bf2c                __malloc_max_sbrked_mem
                0x0100bf30                __malloc_max_total_mem
 .sbss          0x0100bf34        0x4 c:/altera/12.0sp2/nios2eds/bin/gnu/h-i686-mingw32/bin/../lib/gcc/nios2-elf/4.1.2/../../../../nios2-elf/lib/mno-hw-mul\libc.a(lib_a-int_errno.o)
                0x0100bf34                errno
 .sbss          0x0100bf38        0xc ../vga_bsp/\libhal_bsp.a(alt_main.o)
                0x0100bf38                alt_argc
                0x0100bf3c                alt_argv
                0x0100bf40                alt_envp
 .sbss          0x0100bf44        0x4 ../vga_bsp/\libhal_bsp.a(alt_irq_vars.o)
                0x0100bf44                alt_irq_active
 .sbss          0x0100bf48        0x8 ../vga_bsp/\libhal_bsp.a(alt_tick.o)
                0x0100bf48                _alt_tick_rate
                0x0100bf4c                _alt_nticks
 *(.sbss2 .sbss2.* .gnu.linkonce.sb2.*)
 *(.scommon)
                0x0100bf50                PROVIDE (__sbss_end, ABSOLUTE (.))
                0x0100bf50                PROVIDE (___sbss_end, ABSOLUTE (.))
 *(.dynbss)
 *(.bss .bss.* .gnu.linkonce.b.*)
 .bss           0x0100bf50        0x0 ../vga_bsp//obj/HAL/src/crt0.o
 .bss           0x0100bf50        0x0 obj/default/Fruit.o
 .bss           0x0100bf50        0x0 c:/altera/12.0sp2/nios2eds/bin/gnu/h-i686-mingw32/bin/../lib/gcc/nios2-elf/4.1.2/../../../../nios2-elf/lib/mno-hw-mul\libc.a(lib_a-puts.o)
 .bss           0x0100bf50        0x0 c:/altera/12.0sp2/nios2eds/bin/gnu/h-i686-mingw32/bin/../lib/gcc/nios2-elf/4.1.2/../../../../nios2-elf/lib/mno-hw-mul\libc.a(lib_a-strlen.o)
 .bss           0x0100bf50        0x0 c:/altera/12.0sp2/nios2eds/bin/gnu/h-i686-mingw32/bin/../lib/gcc/nios2-elf/4.1.2/../../../../nios2-elf/lib/mno-hw-mul\libc.a(lib_a-fvwrite.o)
 .bss           0x0100bf50        0x0 c:/altera/12.0sp2/nios2eds/bin/gnu/h-i686-mingw32/bin/../lib/gcc/nios2-elf/4.1.2/../../../../nios2-elf/lib/mno-hw-mul\libc.a(lib_a-impure.o)
 .bss           0x0100bf50       0x28 c:/altera/12.0sp2/nios2eds/bin/gnu/h-i686-mingw32/bin/../lib/gcc/nios2-elf/4.1.2/../../../../nios2-elf/lib/mno-hw-mul\libc.a(lib_a-mallocr.o)
                0x0100bf50                __malloc_current_mallinfo
 .bss           0x0100bf78        0x0 c:/altera/12.0sp2/nios2eds/bin/gnu/h-i686-mingw32/bin/../lib/gcc/nios2-elf/4.1.2/../../../../nios2-elf/lib/mno-hw-mul\libc.a(lib_a-memchr.o)
 .bss           0x0100bf78        0x0 c:/altera/12.0sp2/nios2eds/bin/gnu/h-i686-mingw32/bin/../lib/gcc/nios2-elf/4.1.2/../../../../nios2-elf/lib/mno-hw-mul\libc.a(lib_a-memcpy.o)
 .bss           0x0100bf78        0x0 c:/altera/12.0sp2/nios2eds/bin/gnu/h-i686-mingw32/bin/../lib/gcc/nios2-elf/4.1.2/../../../../nios2-elf/lib/mno-hw-mul\libc.a(lib_a-memmove.o)
 .bss           0x0100bf78        0x0 c:/altera/12.0sp2/nios2eds/bin/gnu/h-i686-mingw32/bin/../lib/gcc/nios2-elf/4.1.2/../../../../nios2-elf/lib/mno-hw-mul\libc.a(lib_a-reallocr.o)
 .bss           0x0100bf78        0x0 c:/altera/12.0sp2/nios2eds/bin/gnu/h-i686-mingw32/bin/../lib/gcc/nios2-elf/4.1.2/../../../../nios2-elf/lib/mno-hw-mul\libc.a(lib_a-sbrkr.o)
 .bss           0x0100bf78        0x0 c:/altera/12.0sp2/nios2eds/bin/gnu/h-i686-mingw32/bin/../lib/gcc/nios2-elf/4.1.2/../../../../nios2-elf/lib/mno-hw-mul\libc.a(lib_a-wsetup.o)
 .bss           0x0100bf78        0x0 c:/altera/12.0sp2/nios2eds/bin/gnu/h-i686-mingw32/bin/../lib/gcc/nios2-elf/4.1.2/../../../../nios2-elf/lib/mno-hw-mul\libc.a(lib_a-fflush.o)
 .bss           0x0100bf78        0x0 c:/altera/12.0sp2/nios2eds/bin/gnu/h-i686-mingw32/bin/../lib/gcc/nios2-elf/4.1.2/../../../../nios2-elf/lib/mno-hw-mul\libc.a(lib_a-findfp.o)
 .bss           0x0100bf78        0x0 c:/altera/12.0sp2/nios2eds/bin/gnu/h-i686-mingw32/bin/../lib/gcc/nios2-elf/4.1.2/../../../../nios2-elf/lib/mno-hw-mul\libc.a(lib_a-freer.o)
 .bss           0x0100bf78        0x0 c:/altera/12.0sp2/nios2eds/bin/gnu/h-i686-mingw32/bin/../lib/gcc/nios2-elf/4.1.2/../../../../nios2-elf/lib/mno-hw-mul\libc.a(lib_a-fwalk.o)
 .bss           0x0100bf78        0x0 c:/altera/12.0sp2/nios2eds/bin/gnu/h-i686-mingw32/bin/../lib/gcc/nios2-elf/4.1.2/../../../../nios2-elf/lib/mno-hw-mul\libc.a(lib_a-int_errno.o)
 .bss           0x0100bf78        0x0 c:/altera/12.0sp2/nios2eds/bin/gnu/h-i686-mingw32/bin/../lib/gcc/nios2-elf/4.1.2/../../../../nios2-elf/lib/mno-hw-mul\libc.a(lib_a-makebuf.o)
 .bss           0x0100bf78        0x0 c:/altera/12.0sp2/nios2eds/bin/gnu/h-i686-mingw32/bin/../lib/gcc/nios2-elf/4.1.2/../../../../nios2-elf/lib/mno-hw-mul\libc.a(lib_a-memset.o)
 .bss           0x0100bf78        0x0 c:/altera/12.0sp2/nios2eds/bin/gnu/h-i686-mingw32/bin/../lib/gcc/nios2-elf/4.1.2/../../../../nios2-elf/lib/mno-hw-mul\libc.a(lib_a-stdio.o)
 .bss           0x0100bf78        0x0 c:/altera/12.0sp2/nios2eds/bin/gnu/h-i686-mingw32/bin/../lib/gcc/nios2-elf/4.1.2/../../../../nios2-elf/lib/mno-hw-mul\libc.a(lib_a-writer.o)
 .bss           0x0100bf78        0x0 c:/altera/12.0sp2/nios2eds/bin/gnu/h-i686-mingw32/bin/../lib/gcc/nios2-elf/4.1.2/../../../../nios2-elf/lib/mno-hw-mul\libc.a(lib_a-closer.o)
 .bss           0x0100bf78        0x0 c:/altera/12.0sp2/nios2eds/bin/gnu/h-i686-mingw32/bin/../lib/gcc/nios2-elf/4.1.2/../../../../nios2-elf/lib/mno-hw-mul\libc.a(lib_a-fclose.o)
 .bss           0x0100bf78        0x0 c:/altera/12.0sp2/nios2eds/bin/gnu/h-i686-mingw32/bin/../lib/gcc/nios2-elf/4.1.2/../../../../nios2-elf/lib/mno-hw-mul\libc.a(lib_a-fstatr.o)
 .bss           0x0100bf78        0x0 c:/altera/12.0sp2/nios2eds/bin/gnu/h-i686-mingw32/bin/../lib/gcc/nios2-elf/4.1.2/../../../../nios2-elf/lib/mno-hw-mul\libc.a(lib_a-isattyr.o)
 .bss           0x0100bf78        0x0 c:/altera/12.0sp2/nios2eds/bin/gnu/h-i686-mingw32/bin/../lib/gcc/nios2-elf/4.1.2/../../../../nios2-elf/lib/mno-hw-mul\libc.a(lib_a-lseekr.o)
 .bss           0x0100bf78        0x0 c:/altera/12.0sp2/nios2eds/bin/gnu/h-i686-mingw32/bin/../lib/gcc/nios2-elf/4.1.2/../../../../nios2-elf/lib/mno-hw-mul\libc.a(lib_a-readr.o)
 .bss           0x0100bf78        0x0 c:/altera/12.0sp2/nios2eds/bin/gnu/h-i686-mingw32/bin/../lib/gcc/nios2-elf/4.1.2/mno-hw-mul\libgcc.a(lib2-mul.o)
 .bss           0x0100bf78        0x0 ../vga_bsp/\libhal_bsp.a(alt_close.o)
 .bss           0x0100bf78        0x0 ../vga_bsp/\libhal_bsp.a(alt_dev.o)
 .bss           0x0100bf78        0x0 ../vga_bsp/\libhal_bsp.a(alt_errno.o)
 .bss           0x0100bf78        0x0 ../vga_bsp/\libhal_bsp.a(alt_fstat.o)
 .bss           0x0100bf78        0x0 ../vga_bsp/\libhal_bsp.a(alt_isatty.o)
 .bss           0x0100bf78        0x0 ../vga_bsp/\libhal_bsp.a(alt_load.o)
 .bss           0x0100bf78        0x0 ../vga_bsp/\libhal_bsp.a(alt_lseek.o)
 .bss           0x0100bf78        0x0 ../vga_bsp/\libhal_bsp.a(alt_main.o)
 .bss           0x0100bf78        0x0 ../vga_bsp/\libhal_bsp.a(alt_malloc_lock.o)
 .bss           0x0100bf78        0x0 ../vga_bsp/\libhal_bsp.a(alt_printf.o)
 .bss           0x0100bf78        0x0 ../vga_bsp/\libhal_bsp.a(alt_putchar.o)
 .bss           0x0100bf78        0x0 ../vga_bsp/\libhal_bsp.a(alt_read.o)
 .bss           0x0100bf78        0x0 ../vga_bsp/\libhal_bsp.a(alt_release_fd.o)
 .bss           0x0100bf78        0x0 ../vga_bsp/\libhal_bsp.a(alt_sbrk.o)
 .bss           0x0100bf78        0x0 ../vga_bsp/\libhal_bsp.a(alt_usleep.o)
 .bss           0x0100bf78        0x0 ../vga_bsp/\libhal_bsp.a(alt_write.o)
 .bss           0x0100bf78        0x0 ../vga_bsp/\libhal_bsp.a(alt_sys_init.o)
 .bss           0x0100bf78        0x0 ../vga_bsp/\libhal_bsp.a(altera_avalon_jtag_uart_fd.o)
 .bss           0x0100bf78        0x0 ../vga_bsp/\libhal_bsp.a(altera_avalon_jtag_uart_init.o)
 .bss           0x0100bf78        0x0 ../vga_bsp/\libhal_bsp.a(altera_avalon_jtag_uart_ioctl.o)
 .bss           0x0100bf78        0x0 ../vga_bsp/\libhal_bsp.a(altera_avalon_jtag_uart_read.o)
 .bss           0x0100bf78        0x0 ../vga_bsp/\libhal_bsp.a(altera_avalon_jtag_uart_write.o)
 .bss           0x0100bf78        0x0 ../vga_bsp/\libhal_bsp.a(altera_up_avalon_character_lcd.o)
 .bss           0x0100bf78        0x0 ../vga_bsp/\libhal_bsp.a(altera_up_avalon_video_character_buffer_with_dma.o)
 .bss           0x0100bf78        0x0 ../vga_bsp/\libhal_bsp.a(altera_up_avalon_video_pixel_buffer_dma.o)
 .bss           0x0100bf78        0x0 ../vga_bsp/\libhal_bsp.a(alt_alarm_start.o)
 .bss           0x0100bf78        0x0 ../vga_bsp/\libhal_bsp.a(alt_busy_sleep.o)
 .bss           0x0100bf78        0x0 ../vga_bsp/\libhal_bsp.a(alt_dcache_flush_all.o)
 .bss           0x0100bf78        0x0 ../vga_bsp/\libhal_bsp.a(alt_dev_llist_insert.o)
 .bss           0x0100bf78        0x0 ../vga_bsp/\libhal_bsp.a(alt_do_ctors.o)
 .bss           0x0100bf78        0x0 ../vga_bsp/\libhal_bsp.a(alt_do_dtors.o)
 .bss           0x0100bf78        0x0 ../vga_bsp/\libhal_bsp.a(alt_find_dev.o)
 .bss           0x0100bf78        0x0 ../vga_bsp/\libhal_bsp.a(alt_icache_flush_all.o)
 .bss           0x0100bf78        0x0 ../vga_bsp/\libhal_bsp.a(alt_iic.o)
 .bss           0x0100bf78        0x0 ../vga_bsp/\libhal_bsp.a(alt_iic_isr_register.o)
 .bss           0x0100bf78        0x0 ../vga_bsp/\libhal_bsp.a(alt_io_redirect.o)
 .bss           0x0100bf78        0x0 ../vga_bsp/\libhal_bsp.a(alt_irq_entry.o)
 .bss           0x0100bf78        0x0 ../vga_bsp/\libhal_bsp.a(alt_irq_handler.o)
 .bss           0x0100bf78        0x0 ../vga_bsp/\libhal_bsp.a(alt_irq_vars.o)
 .bss           0x0100bf78        0x0 ../vga_bsp/\libhal_bsp.a(alt_open.o)
 .bss           0x0100bf78        0x0 ../vga_bsp/\libhal_bsp.a(alt_tick.o)
 .bss           0x0100bf78        0x0 ../vga_bsp/\libhal_bsp.a(altera_nios2_qsys_irq.o)
 .bss           0x0100bf78        0x0 ../vga_bsp/\libhal_bsp.a(alt_exception_entry.o)
 .bss           0x0100bf78        0x0 ../vga_bsp/\libhal_bsp.a(alt_find_file.o)
 .bss           0x0100bf78        0x0 ../vga_bsp/\libhal_bsp.a(alt_get_fd.o)
 .bss           0x0100bf78        0x0 ../vga_bsp/\libhal_bsp.a(alt_icache_flush.o)
 .bss           0x0100bf78        0x0 c:/altera/12.0sp2/nios2eds/bin/gnu/h-i686-mingw32/bin/../lib/gcc/nios2-elf/4.1.2/../../../../nios2-elf/lib/mno-hw-mul\libc.a(lib_a-atexit.o)
 .bss           0x0100bf78        0x0 c:/altera/12.0sp2/nios2eds/bin/gnu/h-i686-mingw32/bin/../lib/gcc/nios2-elf/4.1.2/../../../../nios2-elf/lib/mno-hw-mul\libc.a(lib_a-exit.o)
 .bss           0x0100bf78        0x0 c:/altera/12.0sp2/nios2eds/bin/gnu/h-i686-mingw32/bin/../lib/gcc/nios2-elf/4.1.2/../../../../nios2-elf/lib/mno-hw-mul\libc.a(lib_a-memcmp.o)
 .bss           0x0100bf78        0x0 c:/altera/12.0sp2/nios2eds/bin/gnu/h-i686-mingw32/bin/../lib/gcc/nios2-elf/4.1.2/../../../../nios2-elf/lib/mno-hw-mul\libc.a(lib_a-putc.o)
 .bss           0x0100bf78        0x0 c:/altera/12.0sp2/nios2eds/bin/gnu/h-i686-mingw32/bin/../lib/gcc/nios2-elf/4.1.2/../../../../nios2-elf/lib/mno-hw-mul\libc.a(lib_a-strcmp.o)
 .bss           0x0100bf78        0x0 c:/altera/12.0sp2/nios2eds/bin/gnu/h-i686-mingw32/bin/../lib/gcc/nios2-elf/4.1.2/../../../../nios2-elf/lib/mno-hw-mul\libc.a(lib_a-wbuf.o)
 .bss           0x0100bf78        0x0 c:/altera/12.0sp2/nios2eds/bin/gnu/h-i686-mingw32/bin/../lib/gcc/nios2-elf/4.1.2/../../../../nios2-elf/lib/mno-hw-mul\libc.a(lib_a-__atexit.o)
 .bss           0x0100bf78        0x0 c:/altera/12.0sp2/nios2eds/bin/gnu/h-i686-mingw32/bin/../lib/gcc/nios2-elf/4.1.2/../../../../nios2-elf/lib/mno-hw-mul\libc.a(lib_a-__call_atexit.o)
 .bss           0x0100bf78        0x0 c:/altera/12.0sp2/nios2eds/bin/gnu/h-i686-mingw32/bin/../lib/gcc/nios2-elf/4.1.2/mno-hw-mul\libgcc.a(lib2-divmod.o)
 .bss           0x0100bf78        0x0 ../vga_bsp/\libhal_bsp.a(alt_exit.o)
 *(COMMON)
 COMMON         0x0100bf78      0x100 ../vga_bsp/\libhal_bsp.a(alt_irq_handler.o)
                0x0100bf78                alt_irq
 COMMON         0x0100c078      0x190 c:/altera/12.0sp2/nios2eds/bin/gnu/h-i686-mingw32/bin/../lib/gcc/nios2-elf/4.1.2/../../../../nios2-elf/lib/mno-hw-mul\libc.a(lib_a-atexit.o)
                0x0100c078                _atexit0
                0x0100c208                . = ALIGN (0x4)
                0x0100c208                __bss_end = ABSOLUTE (.)

.onchip_memory2_0
                0x00000000        0x0 load address 0x0100c208
                0x00000000                PROVIDE (_alt_partition_onchip_memory2_0_start, ABSOLUTE (.))
 *(.onchip_memory2_0. onchip_memory2_0.*)
                0x00000000                . = ALIGN (0x4)
                0x00000000                PROVIDE (_alt_partition_onchip_memory2_0_end, ABSOLUTE (.))
                0x0100c208                PROVIDE (_alt_partition_onchip_memory2_0_load_addr, LOADADDR (.onchip_memory2_0))

.sdram          0x0100c208        0x0
                0x0100c208                PROVIDE (_alt_partition_sdram_start, ABSOLUTE (.))
 *(.sdram. sdram.*)
                0x0100c208                . = ALIGN (0x4)
                0x0100c208                PROVIDE (_alt_partition_sdram_end, ABSOLUTE (.))
                0x0100c208                _end = ABSOLUTE (.)
                0x0100c208                end = ABSOLUTE (.)
                0x0100c208                __alt_stack_base = ABSOLUTE (.)
                0x0100c208                PROVIDE (_alt_partition_sdram_load_addr, LOADADDR (.sdram))

.stab
 *(.stab)

.stabstr
 *(.stabstr)

.stab.excl
 *(.stab.excl)

.stab.exclstr
 *(.stab.exclstr)

.stab.index
 *(.stab.index)

.stab.indexstr
 *(.stab.indexstr)

.comment        0x00000000       0x26
 *(.comment)
 .comment       0x00000000       0x26 obj/default/Fruit.o
                                 0x27 (size before relaxing)
 .comment       0x00000000       0x27 c:/altera/12.0sp2/nios2eds/bin/gnu/h-i686-mingw32/bin/../lib/gcc/nios2-elf/4.1.2/../../../../nios2-elf/lib/mno-hw-mul\libc.a(lib_a-puts.o)
 .comment       0x00000000       0x27 c:/altera/12.0sp2/nios2eds/bin/gnu/h-i686-mingw32/bin/../lib/gcc/nios2-elf/4.1.2/../../../../nios2-elf/lib/mno-hw-mul\libc.a(lib_a-strlen.o)
 .comment       0x00000000       0x27 c:/altera/12.0sp2/nios2eds/bin/gnu/h-i686-mingw32/bin/../lib/gcc/nios2-elf/4.1.2/../../../../nios2-elf/lib/mno-hw-mul\libc.a(lib_a-fvwrite.o)
 .comment       0x00000000       0x27 c:/altera/12.0sp2/nios2eds/bin/gnu/h-i686-mingw32/bin/../lib/gcc/nios2-elf/4.1.2/../../../../nios2-elf/lib/mno-hw-mul\libc.a(lib_a-impure.o)
 .comment       0x00000000       0x27 c:/altera/12.0sp2/nios2eds/bin/gnu/h-i686-mingw32/bin/../lib/gcc/nios2-elf/4.1.2/../../../../nios2-elf/lib/mno-hw-mul\libc.a(lib_a-mallocr.o)
 .comment       0x00000000       0x27 c:/altera/12.0sp2/nios2eds/bin/gnu/h-i686-mingw32/bin/../lib/gcc/nios2-elf/4.1.2/../../../../nios2-elf/lib/mno-hw-mul\libc.a(lib_a-memchr.o)
 .comment       0x00000000       0x27 c:/altera/12.0sp2/nios2eds/bin/gnu/h-i686-mingw32/bin/../lib/gcc/nios2-elf/4.1.2/../../../../nios2-elf/lib/mno-hw-mul\libc.a(lib_a-memcpy.o)
 .comment       0x00000000       0x27 c:/altera/12.0sp2/nios2eds/bin/gnu/h-i686-mingw32/bin/../lib/gcc/nios2-elf/4.1.2/../../../../nios2-elf/lib/mno-hw-mul\libc.a(lib_a-memmove.o)
 .comment       0x00000000       0x27 c:/altera/12.0sp2/nios2eds/bin/gnu/h-i686-mingw32/bin/../lib/gcc/nios2-elf/4.1.2/../../../../nios2-elf/lib/mno-hw-mul\libc.a(lib_a-reallocr.o)
 .comment       0x00000000       0x27 c:/altera/12.0sp2/nios2eds/bin/gnu/h-i686-mingw32/bin/../lib/gcc/nios2-elf/4.1.2/../../../../nios2-elf/lib/mno-hw-mul\libc.a(lib_a-sbrkr.o)
 .comment       0x00000000       0x27 c:/altera/12.0sp2/nios2eds/bin/gnu/h-i686-mingw32/bin/../lib/gcc/nios2-elf/4.1.2/../../../../nios2-elf/lib/mno-hw-mul\libc.a(lib_a-wsetup.o)
 .comment       0x00000000       0x27 c:/altera/12.0sp2/nios2eds/bin/gnu/h-i686-mingw32/bin/../lib/gcc/nios2-elf/4.1.2/../../../../nios2-elf/lib/mno-hw-mul\libc.a(lib_a-fflush.o)
 .comment       0x00000000       0x27 c:/altera/12.0sp2/nios2eds/bin/gnu/h-i686-mingw32/bin/../lib/gcc/nios2-elf/4.1.2/../../../../nios2-elf/lib/mno-hw-mul\libc.a(lib_a-findfp.o)
 .comment       0x00000000       0x27 c:/altera/12.0sp2/nios2eds/bin/gnu/h-i686-mingw32/bin/../lib/gcc/nios2-elf/4.1.2/../../../../nios2-elf/lib/mno-hw-mul\libc.a(lib_a-freer.o)
 .comment       0x00000000       0x27 c:/altera/12.0sp2/nios2eds/bin/gnu/h-i686-mingw32/bin/../lib/gcc/nios2-elf/4.1.2/../../../../nios2-elf/lib/mno-hw-mul\libc.a(lib_a-fwalk.o)
 .comment       0x00000000       0x27 c:/altera/12.0sp2/nios2eds/bin/gnu/h-i686-mingw32/bin/../lib/gcc/nios2-elf/4.1.2/../../../../nios2-elf/lib/mno-hw-mul\libc.a(lib_a-int_errno.o)
 .comment       0x00000000       0x27 c:/altera/12.0sp2/nios2eds/bin/gnu/h-i686-mingw32/bin/../lib/gcc/nios2-elf/4.1.2/../../../../nios2-elf/lib/mno-hw-mul\libc.a(lib_a-makebuf.o)
 .comment       0x00000000       0x27 c:/altera/12.0sp2/nios2eds/bin/gnu/h-i686-mingw32/bin/../lib/gcc/nios2-elf/4.1.2/../../../../nios2-elf/lib/mno-hw-mul\libc.a(lib_a-memset.o)
 .comment       0x00000000       0x27 c:/altera/12.0sp2/nios2eds/bin/gnu/h-i686-mingw32/bin/../lib/gcc/nios2-elf/4.1.2/../../../../nios2-elf/lib/mno-hw-mul\libc.a(lib_a-stdio.o)
 .comment       0x00000000       0x27 c:/altera/12.0sp2/nios2eds/bin/gnu/h-i686-mingw32/bin/../lib/gcc/nios2-elf/4.1.2/../../../../nios2-elf/lib/mno-hw-mul\libc.a(lib_a-writer.o)
 .comment       0x00000000       0x27 c:/altera/12.0sp2/nios2eds/bin/gnu/h-i686-mingw32/bin/../lib/gcc/nios2-elf/4.1.2/../../../../nios2-elf/lib/mno-hw-mul\libc.a(lib_a-closer.o)
 .comment       0x00000000       0x27 c:/altera/12.0sp2/nios2eds/bin/gnu/h-i686-mingw32/bin/../lib/gcc/nios2-elf/4.1.2/../../../../nios2-elf/lib/mno-hw-mul\libc.a(lib_a-fclose.o)
 .comment       0x00000000       0x27 c:/altera/12.0sp2/nios2eds/bin/gnu/h-i686-mingw32/bin/../lib/gcc/nios2-elf/4.1.2/../../../../nios2-elf/lib/mno-hw-mul\libc.a(lib_a-fstatr.o)
 .comment       0x00000000       0x27 c:/altera/12.0sp2/nios2eds/bin/gnu/h-i686-mingw32/bin/../lib/gcc/nios2-elf/4.1.2/../../../../nios2-elf/lib/mno-hw-mul\libc.a(lib_a-isattyr.o)
 .comment       0x00000000       0x27 c:/altera/12.0sp2/nios2eds/bin/gnu/h-i686-mingw32/bin/../lib/gcc/nios2-elf/4.1.2/../../../../nios2-elf/lib/mno-hw-mul\libc.a(lib_a-lseekr.o)
 .comment       0x00000000       0x27 c:/altera/12.0sp2/nios2eds/bin/gnu/h-i686-mingw32/bin/../lib/gcc/nios2-elf/4.1.2/../../../../nios2-elf/lib/mno-hw-mul\libc.a(lib_a-readr.o)
 .comment       0x00000000       0x27 c:/altera/12.0sp2/nios2eds/bin/gnu/h-i686-mingw32/bin/../lib/gcc/nios2-elf/4.1.2/mno-hw-mul\libgcc.a(lib2-mul.o)
 .comment       0x00000000       0x27 ../vga_bsp/\libhal_bsp.a(alt_close.o)
 .comment       0x00000000       0x27 ../vga_bsp/\libhal_bsp.a(alt_dev.o)
 .comment       0x00000000       0x27 ../vga_bsp/\libhal_bsp.a(alt_errno.o)
 .comment       0x00000000       0x27 ../vga_bsp/\libhal_bsp.a(alt_fstat.o)
 .comment       0x00000000       0x27 ../vga_bsp/\libhal_bsp.a(alt_isatty.o)
 .comment       0x00000000       0x27 ../vga_bsp/\libhal_bsp.a(alt_load.o)
 .comment       0x00000000       0x27 ../vga_bsp/\libhal_bsp.a(alt_lseek.o)
 .comment       0x00000000       0x27 ../vga_bsp/\libhal_bsp.a(alt_main.o)
 .comment       0x00000000       0x27 ../vga_bsp/\libhal_bsp.a(alt_malloc_lock.o)
 .comment       0x00000000       0x27 ../vga_bsp/\libhal_bsp.a(alt_printf.o)
 .comment       0x00000000       0x27 ../vga_bsp/\libhal_bsp.a(alt_putchar.o)
 .comment       0x00000000       0x27 ../vga_bsp/\libhal_bsp.a(alt_read.o)
 .comment       0x00000000       0x27 ../vga_bsp/\libhal_bsp.a(alt_release_fd.o)
 .comment       0x00000000       0x27 ../vga_bsp/\libhal_bsp.a(alt_sbrk.o)
 .comment       0x00000000       0x27 ../vga_bsp/\libhal_bsp.a(alt_usleep.o)
 .comment       0x00000000       0x27 ../vga_bsp/\libhal_bsp.a(alt_write.o)
 .comment       0x00000000       0x27 ../vga_bsp/\libhal_bsp.a(alt_sys_init.o)
 .comment       0x00000000       0x27 ../vga_bsp/\libhal_bsp.a(altera_avalon_jtag_uart_fd.o)
 .comment       0x00000000       0x27 ../vga_bsp/\libhal_bsp.a(altera_avalon_jtag_uart_init.o)
 .comment       0x00000000       0x27 ../vga_bsp/\libhal_bsp.a(altera_avalon_jtag_uart_ioctl.o)
 .comment       0x00000000       0x27 ../vga_bsp/\libhal_bsp.a(altera_avalon_jtag_uart_read.o)
 .comment       0x00000000       0x27 ../vga_bsp/\libhal_bsp.a(altera_avalon_jtag_uart_write.o)
 .comment       0x00000000       0x27 ../vga_bsp/\libhal_bsp.a(altera_up_avalon_character_lcd.o)
 .comment       0x00000000       0x27 ../vga_bsp/\libhal_bsp.a(altera_up_avalon_video_character_buffer_with_dma.o)
 .comment       0x00000000       0x27 ../vga_bsp/\libhal_bsp.a(altera_up_avalon_video_pixel_buffer_dma.o)
 .comment       0x00000000       0x27 ../vga_bsp/\libhal_bsp.a(alt_alarm_start.o)
 .comment       0x00000000       0x27 ../vga_bsp/\libhal_bsp.a(alt_busy_sleep.o)
 .comment       0x00000000       0x27 ../vga_bsp/\libhal_bsp.a(alt_dcache_flush_all.o)
 .comment       0x00000000       0x27 ../vga_bsp/\libhal_bsp.a(alt_dev_llist_insert.o)
 .comment       0x00000000       0x27 ../vga_bsp/\libhal_bsp.a(alt_do_ctors.o)
 .comment       0x00000000       0x27 ../vga_bsp/\libhal_bsp.a(alt_do_dtors.o)
 .comment       0x00000000       0x27 ../vga_bsp/\libhal_bsp.a(alt_find_dev.o)
 .comment       0x00000000       0x27 ../vga_bsp/\libhal_bsp.a(alt_icache_flush_all.o)
 .comment       0x00000000       0x27 ../vga_bsp/\libhal_bsp.a(alt_iic.o)
 .comment       0x00000000       0x27 ../vga_bsp/\libhal_bsp.a(alt_iic_isr_register.o)
 .comment       0x00000000       0x27 ../vga_bsp/\libhal_bsp.a(alt_io_redirect.o)
 .comment       0x00000000       0x27 ../vga_bsp/\libhal_bsp.a(alt_irq_handler.o)
 .comment       0x00000000       0x27 ../vga_bsp/\libhal_bsp.a(alt_irq_vars.o)
 .comment       0x00000000       0x27 ../vga_bsp/\libhal_bsp.a(alt_open.o)
 .comment       0x00000000       0x27 ../vga_bsp/\libhal_bsp.a(alt_tick.o)
 .comment       0x00000000       0x27 ../vga_bsp/\libhal_bsp.a(altera_nios2_qsys_irq.o)
 .comment       0x00000000       0x27 ../vga_bsp/\libhal_bsp.a(alt_find_file.o)
 .comment       0x00000000       0x27 ../vga_bsp/\libhal_bsp.a(alt_get_fd.o)
 .comment       0x00000000       0x27 ../vga_bsp/\libhal_bsp.a(alt_icache_flush.o)
 .comment       0x00000000       0x27 c:/altera/12.0sp2/nios2eds/bin/gnu/h-i686-mingw32/bin/../lib/gcc/nios2-elf/4.1.2/../../../../nios2-elf/lib/mno-hw-mul\libc.a(lib_a-atexit.o)
 .comment       0x00000000       0x27 c:/altera/12.0sp2/nios2eds/bin/gnu/h-i686-mingw32/bin/../lib/gcc/nios2-elf/4.1.2/../../../../nios2-elf/lib/mno-hw-mul\libc.a(lib_a-exit.o)
 .comment       0x00000000       0x27 c:/altera/12.0sp2/nios2eds/bin/gnu/h-i686-mingw32/bin/../lib/gcc/nios2-elf/4.1.2/../../../../nios2-elf/lib/mno-hw-mul\libc.a(lib_a-memcmp.o)
 .comment       0x00000000       0x27 c:/altera/12.0sp2/nios2eds/bin/gnu/h-i686-mingw32/bin/../lib/gcc/nios2-elf/4.1.2/../../../../nios2-elf/lib/mno-hw-mul\libc.a(lib_a-putc.o)
 .comment       0x00000000       0x27 c:/altera/12.0sp2/nios2eds/bin/gnu/h-i686-mingw32/bin/../lib/gcc/nios2-elf/4.1.2/../../../../nios2-elf/lib/mno-hw-mul\libc.a(lib_a-strcmp.o)
 .comment       0x00000000       0x27 c:/altera/12.0sp2/nios2eds/bin/gnu/h-i686-mingw32/bin/../lib/gcc/nios2-elf/4.1.2/../../../../nios2-elf/lib/mno-hw-mul\libc.a(lib_a-wbuf.o)
 .comment       0x00000000       0x27 c:/altera/12.0sp2/nios2eds/bin/gnu/h-i686-mingw32/bin/../lib/gcc/nios2-elf/4.1.2/../../../../nios2-elf/lib/mno-hw-mul\libc.a(lib_a-__atexit.o)
 .comment       0x00000000       0x27 c:/altera/12.0sp2/nios2eds/bin/gnu/h-i686-mingw32/bin/../lib/gcc/nios2-elf/4.1.2/../../../../nios2-elf/lib/mno-hw-mul\libc.a(lib_a-__call_atexit.o)
 .comment       0x00000000       0x27 c:/altera/12.0sp2/nios2eds/bin/gnu/h-i686-mingw32/bin/../lib/gcc/nios2-elf/4.1.2/mno-hw-mul\libgcc.a(lib2-divmod.o)
 .comment       0x00000000       0x27 ../vga_bsp/\libhal_bsp.a(alt_exit.o)

.debug
 *(.debug)

.line
 *(.line)

.debug_srcinfo
 *(.debug_srcinfo)

.debug_sfnames
 *(.debug_sfnames)

.debug_aranges  0x00000000      0xa58
 *(.debug_aranges)
 .debug_aranges
                0x00000000       0x28 ../vga_bsp//obj/HAL/src/crt0.o
 .debug_aranges
                0x00000028       0x20 obj/default/Fruit.o
 .debug_aranges
                0x00000048       0x20 c:/altera/12.0sp2/nios2eds/bin/gnu/h-i686-mingw32/bin/../lib/gcc/nios2-elf/4.1.2/../../../../nios2-elf/lib/mno-hw-mul\libc.a(lib_a-puts.o)
 .debug_aranges
                0x00000068       0x20 c:/altera/12.0sp2/nios2eds/bin/gnu/h-i686-mingw32/bin/../lib/gcc/nios2-elf/4.1.2/../../../../nios2-elf/lib/mno-hw-mul\libc.a(lib_a-strlen.o)
 .debug_aranges
                0x00000088       0x20 c:/altera/12.0sp2/nios2eds/bin/gnu/h-i686-mingw32/bin/../lib/gcc/nios2-elf/4.1.2/../../../../nios2-elf/lib/mno-hw-mul\libc.a(lib_a-fvwrite.o)
 .debug_aranges
                0x000000a8       0x20 c:/altera/12.0sp2/nios2eds/bin/gnu/h-i686-mingw32/bin/../lib/gcc/nios2-elf/4.1.2/../../../../nios2-elf/lib/mno-hw-mul\libc.a(lib_a-mallocr.o)
 .debug_aranges
                0x000000c8       0x20 c:/altera/12.0sp2/nios2eds/bin/gnu/h-i686-mingw32/bin/../lib/gcc/nios2-elf/4.1.2/../../../../nios2-elf/lib/mno-hw-mul\libc.a(lib_a-memchr.o)
 .debug_aranges
                0x000000e8       0x20 c:/altera/12.0sp2/nios2eds/bin/gnu/h-i686-mingw32/bin/../lib/gcc/nios2-elf/4.1.2/../../../../nios2-elf/lib/mno-hw-mul\libc.a(lib_a-memcpy.o)
 .debug_aranges
                0x00000108       0x20 c:/altera/12.0sp2/nios2eds/bin/gnu/h-i686-mingw32/bin/../lib/gcc/nios2-elf/4.1.2/../../../../nios2-elf/lib/mno-hw-mul\libc.a(lib_a-memmove.o)
 .debug_aranges
                0x00000128       0x20 c:/altera/12.0sp2/nios2eds/bin/gnu/h-i686-mingw32/bin/../lib/gcc/nios2-elf/4.1.2/../../../../nios2-elf/lib/mno-hw-mul\libc.a(lib_a-reallocr.o)
 .debug_aranges
                0x00000148       0x20 c:/altera/12.0sp2/nios2eds/bin/gnu/h-i686-mingw32/bin/../lib/gcc/nios2-elf/4.1.2/../../../../nios2-elf/lib/mno-hw-mul\libc.a(lib_a-sbrkr.o)
 .debug_aranges
                0x00000168       0x20 c:/altera/12.0sp2/nios2eds/bin/gnu/h-i686-mingw32/bin/../lib/gcc/nios2-elf/4.1.2/../../../../nios2-elf/lib/mno-hw-mul\libc.a(lib_a-wsetup.o)
 .debug_aranges
                0x00000188       0x20 c:/altera/12.0sp2/nios2eds/bin/gnu/h-i686-mingw32/bin/../lib/gcc/nios2-elf/4.1.2/../../../../nios2-elf/lib/mno-hw-mul\libc.a(lib_a-fflush.o)
 .debug_aranges
                0x000001a8       0x20 c:/altera/12.0sp2/nios2eds/bin/gnu/h-i686-mingw32/bin/../lib/gcc/nios2-elf/4.1.2/../../../../nios2-elf/lib/mno-hw-mul\libc.a(lib_a-findfp.o)
 .debug_aranges
                0x000001c8       0x20 c:/altera/12.0sp2/nios2eds/bin/gnu/h-i686-mingw32/bin/../lib/gcc/nios2-elf/4.1.2/../../../../nios2-elf/lib/mno-hw-mul\libc.a(lib_a-freer.o)
 .debug_aranges
                0x000001e8       0x20 c:/altera/12.0sp2/nios2eds/bin/gnu/h-i686-mingw32/bin/../lib/gcc/nios2-elf/4.1.2/../../../../nios2-elf/lib/mno-hw-mul\libc.a(lib_a-fwalk.o)
 .debug_aranges
                0x00000208       0x20 c:/altera/12.0sp2/nios2eds/bin/gnu/h-i686-mingw32/bin/../lib/gcc/nios2-elf/4.1.2/../../../../nios2-elf/lib/mno-hw-mul\libc.a(lib_a-makebuf.o)
 .debug_aranges
                0x00000228       0x20 c:/altera/12.0sp2/nios2eds/bin/gnu/h-i686-mingw32/bin/../lib/gcc/nios2-elf/4.1.2/../../../../nios2-elf/lib/mno-hw-mul\libc.a(lib_a-memset.o)
 .debug_aranges
                0x00000248       0x20 c:/altera/12.0sp2/nios2eds/bin/gnu/h-i686-mingw32/bin/../lib/gcc/nios2-elf/4.1.2/../../../../nios2-elf/lib/mno-hw-mul\libc.a(lib_a-stdio.o)
 .debug_aranges
                0x00000268       0x20 c:/altera/12.0sp2/nios2eds/bin/gnu/h-i686-mingw32/bin/../lib/gcc/nios2-elf/4.1.2/../../../../nios2-elf/lib/mno-hw-mul\libc.a(lib_a-writer.o)
 .debug_aranges
                0x00000288       0x20 c:/altera/12.0sp2/nios2eds/bin/gnu/h-i686-mingw32/bin/../lib/gcc/nios2-elf/4.1.2/../../../../nios2-elf/lib/mno-hw-mul\libc.a(lib_a-closer.o)
 .debug_aranges
                0x000002a8       0x20 c:/altera/12.0sp2/nios2eds/bin/gnu/h-i686-mingw32/bin/../lib/gcc/nios2-elf/4.1.2/../../../../nios2-elf/lib/mno-hw-mul\libc.a(lib_a-fclose.o)
 .debug_aranges
                0x000002c8       0x20 c:/altera/12.0sp2/nios2eds/bin/gnu/h-i686-mingw32/bin/../lib/gcc/nios2-elf/4.1.2/../../../../nios2-elf/lib/mno-hw-mul\libc.a(lib_a-fstatr.o)
 .debug_aranges
                0x000002e8       0x20 c:/altera/12.0sp2/nios2eds/bin/gnu/h-i686-mingw32/bin/../lib/gcc/nios2-elf/4.1.2/../../../../nios2-elf/lib/mno-hw-mul\libc.a(lib_a-isattyr.o)
 .debug_aranges
                0x00000308       0x20 c:/altera/12.0sp2/nios2eds/bin/gnu/h-i686-mingw32/bin/../lib/gcc/nios2-elf/4.1.2/../../../../nios2-elf/lib/mno-hw-mul\libc.a(lib_a-lseekr.o)
 .debug_aranges
                0x00000328       0x20 c:/altera/12.0sp2/nios2eds/bin/gnu/h-i686-mingw32/bin/../lib/gcc/nios2-elf/4.1.2/../../../../nios2-elf/lib/mno-hw-mul\libc.a(lib_a-readr.o)
 .debug_aranges
                0x00000348       0x20 c:/altera/12.0sp2/nios2eds/bin/gnu/h-i686-mingw32/bin/../lib/gcc/nios2-elf/4.1.2/mno-hw-mul\libgcc.a(lib2-mul.o)
 .debug_aranges
                0x00000368       0x20 ../vga_bsp/\libhal_bsp.a(alt_close.o)
 .debug_aranges
                0x00000388       0x20 ../vga_bsp/\libhal_bsp.a(alt_dev.o)
 .debug_aranges
                0x000003a8       0x20 ../vga_bsp/\libhal_bsp.a(alt_fstat.o)
 .debug_aranges
                0x000003c8       0x20 ../vga_bsp/\libhal_bsp.a(alt_isatty.o)
 .debug_aranges
                0x000003e8       0x20 ../vga_bsp/\libhal_bsp.a(alt_load.o)
 .debug_aranges
                0x00000408       0x20 ../vga_bsp/\libhal_bsp.a(alt_lseek.o)
 .debug_aranges
                0x00000428       0x20 ../vga_bsp/\libhal_bsp.a(alt_main.o)
 .debug_aranges
                0x00000448       0x20 ../vga_bsp/\libhal_bsp.a(alt_malloc_lock.o)
 .debug_aranges
                0x00000468       0x20 ../vga_bsp/\libhal_bsp.a(alt_printf.o)
 .debug_aranges
                0x00000488       0x20 ../vga_bsp/\libhal_bsp.a(alt_putchar.o)
 .debug_aranges
                0x000004a8       0x20 ../vga_bsp/\libhal_bsp.a(alt_read.o)
 .debug_aranges
                0x000004c8       0x20 ../vga_bsp/\libhal_bsp.a(alt_release_fd.o)
 .debug_aranges
                0x000004e8       0x20 ../vga_bsp/\libhal_bsp.a(alt_sbrk.o)
 .debug_aranges
                0x00000508       0x20 ../vga_bsp/\libhal_bsp.a(alt_usleep.o)
 .debug_aranges
                0x00000528       0x20 ../vga_bsp/\libhal_bsp.a(alt_write.o)
 .debug_aranges
                0x00000548       0x20 ../vga_bsp/\libhal_bsp.a(alt_sys_init.o)
 .debug_aranges
                0x00000568       0x20 ../vga_bsp/\libhal_bsp.a(altera_avalon_jtag_uart_fd.o)
 .debug_aranges
                0x00000588       0x20 ../vga_bsp/\libhal_bsp.a(altera_avalon_jtag_uart_init.o)
 .debug_aranges
                0x000005a8       0x20 ../vga_bsp/\libhal_bsp.a(altera_avalon_jtag_uart_ioctl.o)
 .debug_aranges
                0x000005c8       0x20 ../vga_bsp/\libhal_bsp.a(altera_avalon_jtag_uart_read.o)
 .debug_aranges
                0x000005e8       0x20 ../vga_bsp/\libhal_bsp.a(altera_avalon_jtag_uart_write.o)
 .debug_aranges
                0x00000608       0x20 ../vga_bsp/\libhal_bsp.a(altera_up_avalon_character_lcd.o)
 .debug_aranges
                0x00000628       0x20 ../vga_bsp/\libhal_bsp.a(altera_up_avalon_video_character_buffer_with_dma.o)
 .debug_aranges
                0x00000648       0x20 ../vga_bsp/\libhal_bsp.a(altera_up_avalon_video_pixel_buffer_dma.o)
 .debug_aranges
                0x00000668       0x20 ../vga_bsp/\libhal_bsp.a(alt_alarm_start.o)
 .debug_aranges
                0x00000688       0x20 ../vga_bsp/\libhal_bsp.a(alt_busy_sleep.o)
 .debug_aranges
                0x000006a8       0x20 ../vga_bsp/\libhal_bsp.a(alt_dcache_flush_all.o)
 .debug_aranges
                0x000006c8       0x20 ../vga_bsp/\libhal_bsp.a(alt_dev_llist_insert.o)
 .debug_aranges
                0x000006e8       0x20 ../vga_bsp/\libhal_bsp.a(alt_do_ctors.o)
 .debug_aranges
                0x00000708       0x20 ../vga_bsp/\libhal_bsp.a(alt_do_dtors.o)
 .debug_aranges
                0x00000728       0x20 ../vga_bsp/\libhal_bsp.a(alt_find_dev.o)
 .debug_aranges
                0x00000748       0x20 ../vga_bsp/\libhal_bsp.a(alt_icache_flush_all.o)
 .debug_aranges
                0x00000768       0x20 ../vga_bsp/\libhal_bsp.a(alt_iic.o)
 .debug_aranges
                0x00000788       0x20 ../vga_bsp/\libhal_bsp.a(alt_iic_isr_register.o)
 .debug_aranges
                0x000007a8       0x20 ../vga_bsp/\libhal_bsp.a(alt_io_redirect.o)
 .debug_aranges
                0x000007c8       0x30 ../vga_bsp/\libhal_bsp.a(alt_irq_entry.o)
 .debug_aranges
                0x000007f8       0x28 ../vga_bsp/\libhal_bsp.a(alt_irq_handler.o)
 .debug_aranges
                0x00000820       0x20 ../vga_bsp/\libhal_bsp.a(alt_open.o)
 .debug_aranges
                0x00000840       0x20 ../vga_bsp/\libhal_bsp.a(alt_tick.o)
 .debug_aranges
                0x00000860       0x20 ../vga_bsp/\libhal_bsp.a(altera_nios2_qsys_irq.o)
 .debug_aranges
                0x00000880       0x38 ../vga_bsp/\libhal_bsp.a(alt_exception_entry.o)
 .debug_aranges
                0x000008b8       0x20 ../vga_bsp/\libhal_bsp.a(alt_find_file.o)
 .debug_aranges
                0x000008d8       0x20 ../vga_bsp/\libhal_bsp.a(alt_get_fd.o)
 .debug_aranges
                0x000008f8       0x20 ../vga_bsp/\libhal_bsp.a(alt_icache_flush.o)
 .debug_aranges
                0x00000918       0x20 c:/altera/12.0sp2/nios2eds/bin/gnu/h-i686-mingw32/bin/../lib/gcc/nios2-elf/4.1.2/../../../../nios2-elf/lib/mno-hw-mul\libc.a(lib_a-atexit.o)
 .debug_aranges
                0x00000938       0x20 c:/altera/12.0sp2/nios2eds/bin/gnu/h-i686-mingw32/bin/../lib/gcc/nios2-elf/4.1.2/../../../../nios2-elf/lib/mno-hw-mul\libc.a(lib_a-exit.o)
 .debug_aranges
                0x00000958       0x20 c:/altera/12.0sp2/nios2eds/bin/gnu/h-i686-mingw32/bin/../lib/gcc/nios2-elf/4.1.2/../../../../nios2-elf/lib/mno-hw-mul\libc.a(lib_a-memcmp.o)
 .debug_aranges
                0x00000978       0x20 c:/altera/12.0sp2/nios2eds/bin/gnu/h-i686-mingw32/bin/../lib/gcc/nios2-elf/4.1.2/../../../../nios2-elf/lib/mno-hw-mul\libc.a(lib_a-putc.o)
 .debug_aranges
                0x00000998       0x20 c:/altera/12.0sp2/nios2eds/bin/gnu/h-i686-mingw32/bin/../lib/gcc/nios2-elf/4.1.2/../../../../nios2-elf/lib/mno-hw-mul\libc.a(lib_a-strcmp.o)
 .debug_aranges
                0x000009b8       0x20 c:/altera/12.0sp2/nios2eds/bin/gnu/h-i686-mingw32/bin/../lib/gcc/nios2-elf/4.1.2/../../../../nios2-elf/lib/mno-hw-mul\libc.a(lib_a-wbuf.o)
 .debug_aranges
                0x000009d8       0x20 c:/altera/12.0sp2/nios2eds/bin/gnu/h-i686-mingw32/bin/../lib/gcc/nios2-elf/4.1.2/../../../../nios2-elf/lib/mno-hw-mul\libc.a(lib_a-__atexit.o)
 .debug_aranges
                0x000009f8       0x20 c:/altera/12.0sp2/nios2eds/bin/gnu/h-i686-mingw32/bin/../lib/gcc/nios2-elf/4.1.2/../../../../nios2-elf/lib/mno-hw-mul\libc.a(lib_a-__call_atexit.o)
 .debug_aranges
                0x00000a18       0x20 c:/altera/12.0sp2/nios2eds/bin/gnu/h-i686-mingw32/bin/../lib/gcc/nios2-elf/4.1.2/mno-hw-mul\libgcc.a(lib2-divmod.o)
 .debug_aranges
                0x00000a38       0x20 ../vga_bsp/\libhal_bsp.a(alt_exit.o)

.debug_pubnames
                0x00000000     0x12e1
 *(.debug_pubnames)
 .debug_pubnames
                0x00000000       0x1b obj/default/Fruit.o
 .debug_pubnames
                0x0000001b       0x27 c:/altera/12.0sp2/nios2eds/bin/gnu/h-i686-mingw32/bin/../lib/gcc/nios2-elf/4.1.2/../../../../nios2-elf/lib/mno-hw-mul\libc.a(lib_a-puts.o)
 .debug_pubnames
                0x00000042       0x1d c:/altera/12.0sp2/nios2eds/bin/gnu/h-i686-mingw32/bin/../lib/gcc/nios2-elf/4.1.2/../../../../nios2-elf/lib/mno-hw-mul\libc.a(lib_a-strlen.o)
 .debug_pubnames
                0x0000005f       0x23 c:/altera/12.0sp2/nios2eds/bin/gnu/h-i686-mingw32/bin/../lib/gcc/nios2-elf/4.1.2/../../../../nios2-elf/lib/mno-hw-mul\libc.a(lib_a-fvwrite.o)
 .debug_pubnames
                0x00000082       0x39 c:/altera/12.0sp2/nios2eds/bin/gnu/h-i686-mingw32/bin/../lib/gcc/nios2-elf/4.1.2/../../../../nios2-elf/lib/mno-hw-mul\libc.a(lib_a-impure.o)
 .debug_pubnames
                0x000000bb       0xce c:/altera/12.0sp2/nios2eds/bin/gnu/h-i686-mingw32/bin/../lib/gcc/nios2-elf/4.1.2/../../../../nios2-elf/lib/mno-hw-mul\libc.a(lib_a-mallocr.o)
 .debug_pubnames
                0x00000189       0x1d c:/altera/12.0sp2/nios2eds/bin/gnu/h-i686-mingw32/bin/../lib/gcc/nios2-elf/4.1.2/../../../../nios2-elf/lib/mno-hw-mul\libc.a(lib_a-memchr.o)
 .debug_pubnames
                0x000001a6       0x1d c:/altera/12.0sp2/nios2eds/bin/gnu/h-i686-mingw32/bin/../lib/gcc/nios2-elf/4.1.2/../../../../nios2-elf/lib/mno-hw-mul\libc.a(lib_a-memcpy.o)
 .debug_pubnames
                0x000001c3       0x1e c:/altera/12.0sp2/nios2eds/bin/gnu/h-i686-mingw32/bin/../lib/gcc/nios2-elf/4.1.2/../../../../nios2-elf/lib/mno-hw-mul\libc.a(lib_a-memmove.o)
 .debug_pubnames
                0x000001e1       0x21 c:/altera/12.0sp2/nios2eds/bin/gnu/h-i686-mingw32/bin/../lib/gcc/nios2-elf/4.1.2/../../../../nios2-elf/lib/mno-hw-mul\libc.a(lib_a-reallocr.o)
 .debug_pubnames
                0x00000202       0x1e c:/altera/12.0sp2/nios2eds/bin/gnu/h-i686-mingw32/bin/../lib/gcc/nios2-elf/4.1.2/../../../../nios2-elf/lib/mno-hw-mul\libc.a(lib_a-sbrkr.o)
 .debug_pubnames
                0x00000220       0x22 c:/altera/12.0sp2/nios2eds/bin/gnu/h-i686-mingw32/bin/../lib/gcc/nios2-elf/4.1.2/../../../../nios2-elf/lib/mno-hw-mul\libc.a(lib_a-wsetup.o)
 .debug_pubnames
                0x00000242       0x2b c:/altera/12.0sp2/nios2eds/bin/gnu/h-i686-mingw32/bin/../lib/gcc/nios2-elf/4.1.2/../../../../nios2-elf/lib/mno-hw-mul\libc.a(lib_a-fflush.o)
 .debug_pubnames
                0x0000026d       0xdb c:/altera/12.0sp2/nios2eds/bin/gnu/h-i686-mingw32/bin/../lib/gcc/nios2-elf/4.1.2/../../../../nios2-elf/lib/mno-hw-mul\libc.a(lib_a-findfp.o)
 .debug_pubnames
                0x00000348       0x31 c:/altera/12.0sp2/nios2eds/bin/gnu/h-i686-mingw32/bin/../lib/gcc/nios2-elf/4.1.2/../../../../nios2-elf/lib/mno-hw-mul\libc.a(lib_a-freer.o)
 .debug_pubnames
                0x00000379       0x2e c:/altera/12.0sp2/nios2eds/bin/gnu/h-i686-mingw32/bin/../lib/gcc/nios2-elf/4.1.2/../../../../nios2-elf/lib/mno-hw-mul\libc.a(lib_a-fwalk.o)
 .debug_pubnames
                0x000003a7       0x1c c:/altera/12.0sp2/nios2eds/bin/gnu/h-i686-mingw32/bin/../lib/gcc/nios2-elf/4.1.2/../../../../nios2-elf/lib/mno-hw-mul\libc.a(lib_a-int_errno.o)
 .debug_pubnames
                0x000003c3       0x23 c:/altera/12.0sp2/nios2eds/bin/gnu/h-i686-mingw32/bin/../lib/gcc/nios2-elf/4.1.2/../../../../nios2-elf/lib/mno-hw-mul\libc.a(lib_a-makebuf.o)
 .debug_pubnames
                0x000003e6       0x1d c:/altera/12.0sp2/nios2eds/bin/gnu/h-i686-mingw32/bin/../lib/gcc/nios2-elf/4.1.2/../../../../nios2-elf/lib/mno-hw-mul\libc.a(lib_a-memset.o)
 .debug_pubnames
                0x00000403       0x44 c:/altera/12.0sp2/nios2eds/bin/gnu/h-i686-mingw32/bin/../lib/gcc/nios2-elf/4.1.2/../../../../nios2-elf/lib/mno-hw-mul\libc.a(lib_a-stdio.o)
 .debug_pubnames
                0x00000447       0x1f c:/altera/12.0sp2/nios2eds/bin/gnu/h-i686-mingw32/bin/../lib/gcc/nios2-elf/4.1.2/../../../../nios2-elf/lib/mno-hw-mul\libc.a(lib_a-writer.o)
 .debug_pubnames
                0x00000466       0x1f c:/altera/12.0sp2/nios2eds/bin/gnu/h-i686-mingw32/bin/../lib/gcc/nios2-elf/4.1.2/../../../../nios2-elf/lib/mno-hw-mul\libc.a(lib_a-closer.o)
 .debug_pubnames
                0x00000485       0x2b c:/altera/12.0sp2/nios2eds/bin/gnu/h-i686-mingw32/bin/../lib/gcc/nios2-elf/4.1.2/../../../../nios2-elf/lib/mno-hw-mul\libc.a(lib_a-fclose.o)
 .debug_pubnames
                0x000004b0       0x1f c:/altera/12.0sp2/nios2eds/bin/gnu/h-i686-mingw32/bin/../lib/gcc/nios2-elf/4.1.2/../../../../nios2-elf/lib/mno-hw-mul\libc.a(lib_a-fstatr.o)
 .debug_pubnames
                0x000004cf       0x20 c:/altera/12.0sp2/nios2eds/bin/gnu/h-i686-mingw32/bin/../lib/gcc/nios2-elf/4.1.2/../../../../nios2-elf/lib/mno-hw-mul\libc.a(lib_a-isattyr.o)
 .debug_pubnames
                0x000004ef       0x1f c:/altera/12.0sp2/nios2eds/bin/gnu/h-i686-mingw32/bin/../lib/gcc/nios2-elf/4.1.2/../../../../nios2-elf/lib/mno-hw-mul\libc.a(lib_a-lseekr.o)
 .debug_pubnames
                0x0000050e       0x1e c:/altera/12.0sp2/nios2eds/bin/gnu/h-i686-mingw32/bin/../lib/gcc/nios2-elf/4.1.2/../../../../nios2-elf/lib/mno-hw-mul\libc.a(lib_a-readr.o)
 .debug_pubnames
                0x0000052c       0x1f c:/altera/12.0sp2/nios2eds/bin/gnu/h-i686-mingw32/bin/../lib/gcc/nios2-elf/4.1.2/mno-hw-mul\libgcc.a(lib2-mul.o)
 .debug_pubnames
                0x0000054b       0x1c ../vga_bsp/\libhal_bsp.a(alt_close.o)
 .debug_pubnames
                0x00000567       0x63 ../vga_bsp/\libhal_bsp.a(alt_dev.o)
 .debug_pubnames
                0x000005ca       0x20 ../vga_bsp/\libhal_bsp.a(alt_errno.o)
 .debug_pubnames
                0x000005ea       0x1c ../vga_bsp/\libhal_bsp.a(alt_fstat.o)
 .debug_pubnames
                0x00000606       0x1d ../vga_bsp/\libhal_bsp.a(alt_isatty.o)
 .debug_pubnames
                0x00000623       0x1f ../vga_bsp/\libhal_bsp.a(alt_load.o)
 .debug_pubnames
                0x00000642       0x1c ../vga_bsp/\libhal_bsp.a(alt_lseek.o)
 .debug_pubnames
                0x0000065e       0x46 ../vga_bsp/\libhal_bsp.a(alt_main.o)
 .debug_pubnames
                0x000006a4       0x38 ../vga_bsp/\libhal_bsp.a(alt_malloc_lock.o)
 .debug_pubnames
                0x000006dc       0x21 ../vga_bsp/\libhal_bsp.a(alt_printf.o)
 .debug_pubnames
                0x000006fd       0x22 ../vga_bsp/\libhal_bsp.a(alt_putchar.o)
 .debug_pubnames
                0x0000071f       0x1b ../vga_bsp/\libhal_bsp.a(alt_read.o)
 .debug_pubnames
                0x0000073a       0x25 ../vga_bsp/\libhal_bsp.a(alt_release_fd.o)
 .debug_pubnames
                0x0000075f       0x1b ../vga_bsp/\libhal_bsp.a(alt_sbrk.o)
 .debug_pubnames
                0x0000077a       0x1d ../vga_bsp/\libhal_bsp.a(alt_usleep.o)
 .debug_pubnames
                0x00000797       0x1c ../vga_bsp/\libhal_bsp.a(alt_write.o)
 .debug_pubnames
                0x000007b3       0x34 ../vga_bsp/\libhal_bsp.a(alt_sys_init.o)
 .debug_pubnames
                0x000007e7       0xa5 ../vga_bsp/\libhal_bsp.a(altera_avalon_jtag_uart_fd.o)
 .debug_pubnames
                0x0000088c       0x55 ../vga_bsp/\libhal_bsp.a(altera_avalon_jtag_uart_init.o)
 .debug_pubnames
                0x000008e1       0x34 ../vga_bsp/\libhal_bsp.a(altera_avalon_jtag_uart_ioctl.o)
 .debug_pubnames
                0x00000915       0x33 ../vga_bsp/\libhal_bsp.a(altera_avalon_jtag_uart_read.o)
 .debug_pubnames
                0x00000948       0x34 ../vga_bsp/\libhal_bsp.a(altera_avalon_jtag_uart_write.o)
 .debug_pubnames
                0x0000097c      0x1cd ../vga_bsp/\libhal_bsp.a(altera_up_avalon_character_lcd.o)
 .debug_pubnames
                0x00000b49       0xa5 ../vga_bsp/\libhal_bsp.a(altera_up_avalon_video_character_buffer_with_dma.o)
 .debug_pubnames
                0x00000bee      0x1f1 ../vga_bsp/\libhal_bsp.a(altera_up_avalon_video_pixel_buffer_dma.o)
 .debug_pubnames
                0x00000ddf       0x26 ../vga_bsp/\libhal_bsp.a(alt_alarm_start.o)
 .debug_pubnames
                0x00000e05       0x25 ../vga_bsp/\libhal_bsp.a(alt_busy_sleep.o)
 .debug_pubnames
                0x00000e2a       0x2b ../vga_bsp/\libhal_bsp.a(alt_dcache_flush_all.o)
 .debug_pubnames
                0x00000e55       0x2b ../vga_bsp/\libhal_bsp.a(alt_dev_llist_insert.o)
 .debug_pubnames
                0x00000e80       0x20 ../vga_bsp/\libhal_bsp.a(alt_do_ctors.o)
 .debug_pubnames
                0x00000ea0       0x20 ../vga_bsp/\libhal_bsp.a(alt_do_dtors.o)
 .debug_pubnames
                0x00000ec0       0x23 ../vga_bsp/\libhal_bsp.a(alt_find_dev.o)
 .debug_pubnames
                0x00000ee3       0x2b ../vga_bsp/\libhal_bsp.a(alt_icache_flush_all.o)
 .debug_pubnames
                0x00000f0e       0x6e ../vga_bsp/\libhal_bsp.a(alt_iic.o)
 .debug_pubnames
                0x00000f7c       0x2b ../vga_bsp/\libhal_bsp.a(alt_iic_isr_register.o)
 .debug_pubnames
                0x00000fa7       0x26 ../vga_bsp/\libhal_bsp.a(alt_io_redirect.o)
 .debug_pubnames
                0x00000fcd       0x32 ../vga_bsp/\libhal_bsp.a(alt_irq_handler.o)
 .debug_pubnames
                0x00000fff       0x3b ../vga_bsp/\libhal_bsp.a(alt_irq_vars.o)
 .debug_pubnames
                0x0000103a       0x1b ../vga_bsp/\libhal_bsp.a(alt_open.o)
 .debug_pubnames
                0x00001055       0x68 ../vga_bsp/\libhal_bsp.a(alt_tick.o)
 .debug_pubnames
                0x000010bd       0x31 ../vga_bsp/\libhal_bsp.a(altera_nios2_qsys_irq.o)
 .debug_pubnames
                0x000010ee       0x24 ../vga_bsp/\libhal_bsp.a(alt_find_file.o)
 .debug_pubnames
                0x00001112       0x21 ../vga_bsp/\libhal_bsp.a(alt_get_fd.o)
 .debug_pubnames
                0x00001133       0x27 ../vga_bsp/\libhal_bsp.a(alt_icache_flush.o)
 .debug_pubnames
                0x0000115a       0x2a c:/altera/12.0sp2/nios2eds/bin/gnu/h-i686-mingw32/bin/../lib/gcc/nios2-elf/4.1.2/../../../../nios2-elf/lib/mno-hw-mul\libc.a(lib_a-atexit.o)
 .debug_pubnames
                0x00001184       0x1b c:/altera/12.0sp2/nios2eds/bin/gnu/h-i686-mingw32/bin/../lib/gcc/nios2-elf/4.1.2/../../../../nios2-elf/lib/mno-hw-mul\libc.a(lib_a-exit.o)
 .debug_pubnames
                0x0000119f       0x1d c:/altera/12.0sp2/nios2eds/bin/gnu/h-i686-mingw32/bin/../lib/gcc/nios2-elf/4.1.2/../../../../nios2-elf/lib/mno-hw-mul\libc.a(lib_a-memcmp.o)
 .debug_pubnames
                0x000011bc       0x27 c:/altera/12.0sp2/nios2eds/bin/gnu/h-i686-mingw32/bin/../lib/gcc/nios2-elf/4.1.2/../../../../nios2-elf/lib/mno-hw-mul\libc.a(lib_a-putc.o)
 .debug_pubnames
                0x000011e3       0x1d c:/altera/12.0sp2/nios2eds/bin/gnu/h-i686-mingw32/bin/../lib/gcc/nios2-elf/4.1.2/../../../../nios2-elf/lib/mno-hw-mul\libc.a(lib_a-strcmp.o)
 .debug_pubnames
                0x00001200       0x2c c:/altera/12.0sp2/nios2eds/bin/gnu/h-i686-mingw32/bin/../lib/gcc/nios2-elf/4.1.2/../../../../nios2-elf/lib/mno-hw-mul\libc.a(lib_a-wbuf.o)
 .debug_pubnames
                0x0000122c       0x2a c:/altera/12.0sp2/nios2eds/bin/gnu/h-i686-mingw32/bin/../lib/gcc/nios2-elf/4.1.2/../../../../nios2-elf/lib/mno-hw-mul\libc.a(lib_a-__atexit.o)
 .debug_pubnames
                0x00001256       0x27 c:/altera/12.0sp2/nios2eds/bin/gnu/h-i686-mingw32/bin/../lib/gcc/nios2-elf/4.1.2/../../../../nios2-elf/lib/mno-hw-mul\libc.a(lib_a-__call_atexit.o)
 .debug_pubnames
                0x0000127d       0x48 c:/altera/12.0sp2/nios2eds/bin/gnu/h-i686-mingw32/bin/../lib/gcc/nios2-elf/4.1.2/mno-hw-mul\libgcc.a(lib2-divmod.o)
 .debug_pubnames
                0x000012c5       0x1c ../vga_bsp/\libhal_bsp.a(alt_exit.o)

.debug_info     0x00000000    0x1e1c3
 *(.debug_info .gnu.linkonce.wi.*)
 .debug_info    0x00000000       0x75 ../vga_bsp//obj/HAL/src/crt0.o
 .debug_info    0x00000075      0x67f obj/default/Fruit.o
 .debug_info    0x000006f4      0xa25 c:/altera/12.0sp2/nios2eds/bin/gnu/h-i686-mingw32/bin/../lib/gcc/nios2-elf/4.1.2/../../../../nios2-elf/lib/mno-hw-mul\libc.a(lib_a-puts.o)
 .debug_info    0x00001119       0xdb c:/altera/12.0sp2/nios2eds/bin/gnu/h-i686-mingw32/bin/../lib/gcc/nios2-elf/4.1.2/../../../../nios2-elf/lib/mno-hw-mul\libc.a(lib_a-strlen.o)
 .debug_info    0x000011f4      0xa88 c:/altera/12.0sp2/nios2eds/bin/gnu/h-i686-mingw32/bin/../lib/gcc/nios2-elf/4.1.2/../../../../nios2-elf/lib/mno-hw-mul\libc.a(lib_a-fvwrite.o)
 .debug_info    0x00001c7c      0x93d c:/altera/12.0sp2/nios2eds/bin/gnu/h-i686-mingw32/bin/../lib/gcc/nios2-elf/4.1.2/../../../../nios2-elf/lib/mno-hw-mul\libc.a(lib_a-impure.o)
 .debug_info    0x000025b9      0xcd0 c:/altera/12.0sp2/nios2eds/bin/gnu/h-i686-mingw32/bin/../lib/gcc/nios2-elf/4.1.2/../../../../nios2-elf/lib/mno-hw-mul\libc.a(lib_a-mallocr.o)
 .debug_info    0x00003289      0x138 c:/altera/12.0sp2/nios2eds/bin/gnu/h-i686-mingw32/bin/../lib/gcc/nios2-elf/4.1.2/../../../../nios2-elf/lib/mno-hw-mul\libc.a(lib_a-memchr.o)
 .debug_info    0x000033c1      0x106 c:/altera/12.0sp2/nios2eds/bin/gnu/h-i686-mingw32/bin/../lib/gcc/nios2-elf/4.1.2/../../../../nios2-elf/lib/mno-hw-mul\libc.a(lib_a-memcpy.o)
 .debug_info    0x000034c7      0x13e c:/altera/12.0sp2/nios2eds/bin/gnu/h-i686-mingw32/bin/../lib/gcc/nios2-elf/4.1.2/../../../../nios2-elf/lib/mno-hw-mul\libc.a(lib_a-memmove.o)
 .debug_info    0x00003605      0xbd7 c:/altera/12.0sp2/nios2eds/bin/gnu/h-i686-mingw32/bin/../lib/gcc/nios2-elf/4.1.2/../../../../nios2-elf/lib/mno-hw-mul\libc.a(lib_a-reallocr.o)
 .debug_info    0x000041dc      0x962 c:/altera/12.0sp2/nios2eds/bin/gnu/h-i686-mingw32/bin/../lib/gcc/nios2-elf/4.1.2/../../../../nios2-elf/lib/mno-hw-mul\libc.a(lib_a-sbrkr.o)
 .debug_info    0x00004b3e      0x95d c:/altera/12.0sp2/nios2eds/bin/gnu/h-i686-mingw32/bin/../lib/gcc/nios2-elf/4.1.2/../../../../nios2-elf/lib/mno-hw-mul\libc.a(lib_a-wsetup.o)
 .debug_info    0x0000549b      0x9fe c:/altera/12.0sp2/nios2eds/bin/gnu/h-i686-mingw32/bin/../lib/gcc/nios2-elf/4.1.2/../../../../nios2-elf/lib/mno-hw-mul\libc.a(lib_a-fflush.o)
 .debug_info    0x00005e99      0xb72 c:/altera/12.0sp2/nios2eds/bin/gnu/h-i686-mingw32/bin/../lib/gcc/nios2-elf/4.1.2/../../../../nios2-elf/lib/mno-hw-mul\libc.a(lib_a-findfp.o)
 .debug_info    0x00006a0b      0xbc9 c:/altera/12.0sp2/nios2eds/bin/gnu/h-i686-mingw32/bin/../lib/gcc/nios2-elf/4.1.2/../../../../nios2-elf/lib/mno-hw-mul\libc.a(lib_a-freer.o)
 .debug_info    0x000075d4      0xaed c:/altera/12.0sp2/nios2eds/bin/gnu/h-i686-mingw32/bin/../lib/gcc/nios2-elf/4.1.2/../../../../nios2-elf/lib/mno-hw-mul\libc.a(lib_a-fwalk.o)
 .debug_info    0x000080c1       0x8c c:/altera/12.0sp2/nios2eds/bin/gnu/h-i686-mingw32/bin/../lib/gcc/nios2-elf/4.1.2/../../../../nios2-elf/lib/mno-hw-mul\libc.a(lib_a-int_errno.o)
 .debug_info    0x0000814d      0xb1a c:/altera/12.0sp2/nios2eds/bin/gnu/h-i686-mingw32/bin/../lib/gcc/nios2-elf/4.1.2/../../../../nios2-elf/lib/mno-hw-mul\libc.a(lib_a-makebuf.o)
 .debug_info    0x00008c67      0x113 c:/altera/12.0sp2/nios2eds/bin/gnu/h-i686-mingw32/bin/../lib/gcc/nios2-elf/4.1.2/../../../../nios2-elf/lib/mno-hw-mul\libc.a(lib_a-memset.o)
 .debug_info    0x00008d7a      0xaac c:/altera/12.0sp2/nios2eds/bin/gnu/h-i686-mingw32/bin/../lib/gcc/nios2-elf/4.1.2/../../../../nios2-elf/lib/mno-hw-mul\libc.a(lib_a-stdio.o)
 .debug_info    0x00009826      0x993 c:/altera/12.0sp2/nios2eds/bin/gnu/h-i686-mingw32/bin/../lib/gcc/nios2-elf/4.1.2/../../../../nios2-elf/lib/mno-hw-mul\libc.a(lib_a-writer.o)
 .debug_info    0x0000a1b9      0x958 c:/altera/12.0sp2/nios2eds/bin/gnu/h-i686-mingw32/bin/../lib/gcc/nios2-elf/4.1.2/../../../../nios2-elf/lib/mno-hw-mul\libc.a(lib_a-closer.o)
 .debug_info    0x0000ab11      0x994 c:/altera/12.0sp2/nios2eds/bin/gnu/h-i686-mingw32/bin/../lib/gcc/nios2-elf/4.1.2/../../../../nios2-elf/lib/mno-hw-mul\libc.a(lib_a-fclose.o)
 .debug_info    0x0000b4a5      0xafc c:/altera/12.0sp2/nios2eds/bin/gnu/h-i686-mingw32/bin/../lib/gcc/nios2-elf/4.1.2/../../../../nios2-elf/lib/mno-hw-mul\libc.a(lib_a-fstatr.o)
 .debug_info    0x0000bfa1      0x958 c:/altera/12.0sp2/nios2eds/bin/gnu/h-i686-mingw32/bin/../lib/gcc/nios2-elf/4.1.2/../../../../nios2-elf/lib/mno-hw-mul\libc.a(lib_a-isattyr.o)
 .debug_info    0x0000c8f9      0x981 c:/altera/12.0sp2/nios2eds/bin/gnu/h-i686-mingw32/bin/../lib/gcc/nios2-elf/4.1.2/../../../../nios2-elf/lib/mno-hw-mul\libc.a(lib_a-lseekr.o)
 .debug_info    0x0000d27a      0x98c c:/altera/12.0sp2/nios2eds/bin/gnu/h-i686-mingw32/bin/../lib/gcc/nios2-elf/4.1.2/../../../../nios2-elf/lib/mno-hw-mul\libc.a(lib_a-readr.o)
 .debug_info    0x0000dc06       0xf3 c:/altera/12.0sp2/nios2eds/bin/gnu/h-i686-mingw32/bin/../lib/gcc/nios2-elf/4.1.2/mno-hw-mul\libgcc.a(lib2-mul.o)
 .debug_info    0x0000dcf9      0x461 ../vga_bsp/\libhal_bsp.a(alt_close.o)
 .debug_info    0x0000e15a      0x679 ../vga_bsp/\libhal_bsp.a(alt_dev.o)
 .debug_info    0x0000e7d3      0x15e ../vga_bsp/\libhal_bsp.a(alt_errno.o)
 .debug_info    0x0000e931      0x65a ../vga_bsp/\libhal_bsp.a(alt_fstat.o)
 .debug_info    0x0000ef8b      0x660 ../vga_bsp/\libhal_bsp.a(alt_isatty.o)
 .debug_info    0x0000f5eb      0x287 ../vga_bsp/\libhal_bsp.a(alt_load.o)
 .debug_info    0x0000f872      0x494 ../vga_bsp/\libhal_bsp.a(alt_lseek.o)
 .debug_info    0x0000fd06      0x21f ../vga_bsp/\libhal_bsp.a(alt_main.o)
 .debug_info    0x0000ff25      0xc12 ../vga_bsp/\libhal_bsp.a(alt_malloc_lock.o)
 .debug_info    0x00010b37      0x1a2 ../vga_bsp/\libhal_bsp.a(alt_printf.o)
 .debug_info    0x00010cd9      0xbf6 ../vga_bsp/\libhal_bsp.a(alt_putchar.o)
 .debug_info    0x000118cf      0x684 ../vga_bsp/\libhal_bsp.a(alt_read.o)
 .debug_info    0x00011f53      0x3ec ../vga_bsp/\libhal_bsp.a(alt_release_fd.o)
 .debug_info    0x0001233f      0x2b1 ../vga_bsp/\libhal_bsp.a(alt_sbrk.o)
 .debug_info    0x000125f0      0x162 ../vga_bsp/\libhal_bsp.a(alt_usleep.o)
 .debug_info    0x00012752      0x68d ../vga_bsp/\libhal_bsp.a(alt_write.o)
 .debug_info    0x00012ddf      0x955 ../vga_bsp/\libhal_bsp.a(alt_sys_init.o)
 .debug_info    0x00013734      0x7d3 ../vga_bsp/\libhal_bsp.a(altera_avalon_jtag_uart_fd.o)
 .debug_info    0x00013f07      0x5fb ../vga_bsp/\libhal_bsp.a(altera_avalon_jtag_uart_init.o)
 .debug_info    0x00014502      0x43d ../vga_bsp/\libhal_bsp.a(altera_avalon_jtag_uart_ioctl.o)
 .debug_info    0x0001493f      0x540 ../vga_bsp/\libhal_bsp.a(altera_avalon_jtag_uart_read.o)
 .debug_info    0x00014e7f      0x538 ../vga_bsp/\libhal_bsp.a(altera_avalon_jtag_uart_write.o)
 .debug_info    0x000153b7      0x8e3 ../vga_bsp/\libhal_bsp.a(altera_up_avalon_character_lcd.o)
 .debug_info    0x00015c9a      0x68c ../vga_bsp/\libhal_bsp.a(altera_up_avalon_video_character_buffer_with_dma.o)
 .debug_info    0x00016326      0xe79 ../vga_bsp/\libhal_bsp.a(altera_up_avalon_video_pixel_buffer_dma.o)
 .debug_info    0x0001719f      0x43c ../vga_bsp/\libhal_bsp.a(alt_alarm_start.o)
 .debug_info    0x000175db      0x1a5 ../vga_bsp/\libhal_bsp.a(alt_busy_sleep.o)
 .debug_info    0x00017780      0x156 ../vga_bsp/\libhal_bsp.a(alt_dcache_flush_all.o)
 .debug_info    0x000178d6      0x2b1 ../vga_bsp/\libhal_bsp.a(alt_dev_llist_insert.o)
 .debug_info    0x00017b87      0x109 ../vga_bsp/\libhal_bsp.a(alt_do_ctors.o)
 .debug_info    0x00017c90      0x108 ../vga_bsp/\libhal_bsp.a(alt_do_dtors.o)
 .debug_info    0x00017d98      0x412 ../vga_bsp/\libhal_bsp.a(alt_find_dev.o)
 .debug_info    0x000181aa      0x156 ../vga_bsp/\libhal_bsp.a(alt_icache_flush_all.o)
 .debug_info    0x00018300      0x48d ../vga_bsp/\libhal_bsp.a(alt_iic.o)
 .debug_info    0x0001878d      0x30e ../vga_bsp/\libhal_bsp.a(alt_iic_isr_register.o)
 .debug_info    0x00018a9b      0x68f ../vga_bsp/\libhal_bsp.a(alt_io_redirect.o)
 .debug_info    0x0001912a       0x7e ../vga_bsp/\libhal_bsp.a(alt_irq_entry.o)
 .debug_info    0x000191a8      0x26f ../vga_bsp/\libhal_bsp.a(alt_irq_handler.o)